Archive member included because of file (symbol)

/home/juan/LPCXpresso/workspace/lpc_board_nxp_lpcxpresso_1769/Debug/liblpc_board_nxp_lpcxpresso_1769.a(board.o)
                              ./example/src/init_usb.o (Board_USBD_Init)
/home/juan/LPCXpresso/workspace/lpc_board_nxp_lpcxpresso_1769/Debug/liblpc_board_nxp_lpcxpresso_1769.a(board_sysinit.o)
                              ./example/src/sysinit.o (Board_SystemInit)
/home/juan/LPCXpresso/workspace/lpc_chip_175x_6x/Debug/liblpc_chip_175x_6x.a(chip_17xx_40xx.o)
                              ./freertos/src/port.o (SystemCoreClock)
/home/juan/LPCXpresso/workspace/lpc_chip_175x_6x/Debug/liblpc_chip_175x_6x.a(clock_17xx_40xx.o)
                              /home/juan/LPCXpresso/workspace/lpc_chip_175x_6x/Debug/liblpc_chip_175x_6x.a(chip_17xx_40xx.o) (Chip_Clock_EnablePLL)
/home/juan/LPCXpresso/workspace/lpc_chip_175x_6x/Debug/liblpc_chip_175x_6x.a(i2s_17xx_40xx.o)
                              /home/juan/LPCXpresso/workspace/lpc_board_nxp_lpcxpresso_1769/Debug/liblpc_board_nxp_lpcxpresso_1769.a(board.o) (Chip_I2S_Init)
/home/juan/LPCXpresso/workspace/lpc_chip_175x_6x/Debug/liblpc_chip_175x_6x.a(iocon_17xx_40xx.o)
                              ./example/src/Inic_placa1.o (Chip_IOCON_PinMux)
/home/juan/LPCXpresso/workspace/lpc_chip_175x_6x/Debug/liblpc_chip_175x_6x.a(ring_buffer.o)
                              ./example/src/main.o (RingBuffer_Init)
/home/juan/LPCXpresso/workspace/lpc_chip_175x_6x/Debug/liblpc_chip_175x_6x.a(sysinit_17xx_40xx.o)
                              /home/juan/LPCXpresso/workspace/lpc_board_nxp_lpcxpresso_1769/Debug/liblpc_board_nxp_lpcxpresso_1769.a(board_sysinit.o) (Chip_SetupXtalClocking)
/home/juan/LPCXpresso/workspace/lpc_chip_175x_6x/Debug/liblpc_chip_175x_6x.a(timer_17xx_40xx.o)
                              ./example/src/Inic_placa1.o (Chip_TIMER_Init)
/home/juan/LPCXpresso/workspace/lpc_chip_175x_6x/Debug/liblpc_chip_175x_6x.a(uart_17xx_40xx.o)
                              ./example/src/main.o (Chip_UART_Init)
/home/juan/LPCXpresso/workspace/lpc_chip_175x_6x/libs/libusbd_175x_6x_lib.a(mw_usbd_rom_api.o)
                              ./example/src/init_usb.o (hid_api)
/home/juan/LPCXpresso/workspace/lpc_chip_175x_6x/libs/libusbd_175x_6x_lib.a(hw_usbd_ip3503.o)
                              /home/juan/LPCXpresso/workspace/lpc_chip_175x_6x/libs/libusbd_175x_6x_lib.a(mw_usbd_rom_api.o) (hwUSB_GetMemSize)
/home/juan/LPCXpresso/workspace/lpc_chip_175x_6x/libs/libusbd_175x_6x_lib.a(mw_usbd_cdcuser.o)
                              /home/juan/LPCXpresso/workspace/lpc_chip_175x_6x/libs/libusbd_175x_6x_lib.a(mw_usbd_rom_api.o) (mwCDC_SendNotification)
/home/juan/LPCXpresso/workspace/lpc_chip_175x_6x/libs/libusbd_175x_6x_lib.a(mw_usbd_core.o)
                              /home/juan/LPCXpresso/workspace/lpc_chip_175x_6x/libs/libusbd_175x_6x_lib.a(mw_usbd_rom_api.o) (mwUSB_SetupStage)
/home/juan/LPCXpresso/workspace/lpc_chip_175x_6x/libs/libusbd_175x_6x_lib.a(mw_usbd_dfuuser.o)
                              /home/juan/LPCXpresso/workspace/lpc_chip_175x_6x/libs/libusbd_175x_6x_lib.a(mw_usbd_rom_api.o) (mwDFU_GetMemSize)
/home/juan/LPCXpresso/workspace/lpc_chip_175x_6x/libs/libusbd_175x_6x_lib.a(mw_usbd_hiduser.o)
                              /home/juan/LPCXpresso/workspace/lpc_chip_175x_6x/libs/libusbd_175x_6x_lib.a(mw_usbd_rom_api.o) (mwHID_GetMemSize)
/home/juan/LPCXpresso/workspace/lpc_chip_175x_6x/libs/libusbd_175x_6x_lib.a(mw_usbd_mscuser.o)
                              /home/juan/LPCXpresso/workspace/lpc_chip_175x_6x/libs/libusbd_175x_6x_lib.a(mw_usbd_rom_api.o) (mwMSC_GetMemSize)
/usr/local/lpcxpresso_8.0.0_526/lpcxpresso/tools/bin/../lib/gcc/arm-none-eabi/4.9.3/../../../../arm-none-eabi/lib/armv7-m/libcr_nohost.a(_cr__main.o)
                              ./example/src/cr_startup_lpc175x_6x.o (__main)
/usr/local/lpcxpresso_8.0.0_526/lpcxpresso/tools/bin/../lib/gcc/arm-none-eabi/4.9.3/../../../../arm-none-eabi/lib/armv7-m/libcr_c.a(memcpy.o)
                              ./freertos/src/queue.o (memcpy)
/usr/local/lpcxpresso_8.0.0_526/lpcxpresso/tools/bin/../lib/gcc/arm-none-eabi/4.9.3/../../../../arm-none-eabi/lib/armv7-m/libcr_c.a(memset.o)
                              ./freertos/src/tasks.o (memset)
/usr/local/lpcxpresso_8.0.0_526/lpcxpresso/tools/bin/../lib/gcc/arm-none-eabi/4.9.3/../../../../arm-none-eabi/lib/armv7-m/libcr_c.a(alloc.o)
                              ./freertos/src/heap_3.o (malloc)
/usr/local/lpcxpresso_8.0.0_526/lpcxpresso/tools/bin/../lib/gcc/arm-none-eabi/4.9.3/../../../../arm-none-eabi/lib/armv7-m/libcr_c.a(initio.o)
                              /usr/local/lpcxpresso_8.0.0_526/lpcxpresso/tools/bin/../lib/gcc/arm-none-eabi/4.9.3/../../../../arm-none-eabi/lib/armv7-m/libcr_nohost.a(_cr__main.o) (_initio)
/usr/local/lpcxpresso_8.0.0_526/lpcxpresso/tools/bin/../lib/gcc/arm-none-eabi/4.9.3/../../../../arm-none-eabi/lib/armv7-m/libcr_c.a(setvbuf.o)
[...]
Memory Configuration

Name             Origin             Length             Attributes
MFlash512        0x00000000         0x00080000         xr
RamLoc32         0x10000000         0x00008000         xrw
RamAHB32         0x2007c000         0x00008000         xrw
*default*        0x00000000         0xffffffff

Linker script and memory map

LOAD ./freertos/src/FreeRTOSCommonHooks.o
LOAD ./freertos/src/heap_3.o
LOAD ./freertos/src/list.o
LOAD ./freertos/src/port.o
LOAD ./freertos/src/queue.o
LOAD ./freertos/src/tasks.o
LOAD ./example/src/Inic_placa1.o
LOAD ./example/src/Mde_DHT.o
LOAD ./example/src/cr_startup_lpc175x_6x.o
LOAD ./example/src/hid_desc.o
LOAD ./example/src/hid_generic.o
LOAD ./example/src/init_usb.o
LOAD ./example/src/main.o
LOAD ./example/src/sysinit.o
LOAD /home/juan/LPCXpresso/workspace/lpc_board_nxp_lpcxpresso_1769/Debug/liblpc_board_nxp_lpcxpresso_1769.a
LOAD /home/juan/LPCXpresso/workspace/lpc_chip_175x_6x/Debug/liblpc_chip_175x_6x.a
LOAD /home/juan/LPCXpresso/workspace/lpc_chip_175x_6x/libs/libusbd_175x_6x_lib.a
START GROUP
LOAD /usr/local/lpcxpresso_8.0.0_526/lpcxpresso/tools/bin/../lib/gcc/arm-none-eabi/4.9.3/../../../../arm-none-eabi/lib/armv7-m/libcr_nohost.a
LOAD /usr/local/lpcxpresso_8.0.0_526/lpcxpresso/tools/bin/../lib/gcc/arm-none-eabi/4.9.3/../../../../arm-none-eabi/lib/armv7-m/libcr_c.a
LOAD /usr/local/lpcxpresso_8.0.0_526/lpcxpresso/tools/bin/../lib/gcc/arm-none-eabi/4.9.3/armv7-m/libcr_eabihelpers.a
END GROUP
                0x00000000                __base_MFlash512 = 0x0
                0x00000000                __base_Flash = 0x0
                0x00080000                __top_MFlash512 = 0x80000
                0x00080000                __top_Flash = 0x80000
                0x10000000                __base_RamLoc32 = 0x10000000
                0x10000000                __base_RAM = 0x10000000
                0x10008000                __top_RamLoc32 = 0x10008000
                0x10008000                __top_RAM = 0x10008000
                0x2007c000                __base_RamAHB32 = 0x2007c000
                0x2007c000                __base_RAM2 = 0x2007c000
                0x20084000                __top_RamAHB32 = 0x20084000
                0x20084000                __top_RAM2 = 0x20084000

.text           0x00000000     0x5b70
 FILL mask 0xff
                0x00000000                __vectors_start__ = ABSOLUTE (.)
 *(.isr_vector)
 .isr_vector    0x00000000       0xcc ./example/src/cr_startup_lpc175x_6x.o
                0x00000000                g_pfnVectors
                0x000000cc                . = ALIGN (0x4)
                0x000000cc                __section_table_start = .
                0x000000cc                __data_section_table = .
                0x000000cc        0x4 LONG 0x5b70 LOADADDR (.data)
                0x000000d0        0x4 LONG 0x10000000 ADDR (.data)
                0x000000d4        0x4 LONG 0x3c SIZEOF (.data)
                0x000000d8        0x4 LONG 0x5b70 LOADADDR (.data_RAM2)
                0x000000dc        0x4 LONG 0x2007c000 ADDR (.data_RAM2)
                0x000000e0        0x4 LONG 0x0 SIZEOF (.data_RAM2)
                0x000000e4                __data_section_table_end = .
                0x000000e4                __bss_section_table = .
                0x000000e4        0x4 LONG 0x1000003c ADDR (.bss)
                0x000000e8        0x4 LONG 0x35c SIZEOF (.bss)
                0x000000ec        0x4 LONG 0x2007c000 ADDR (.bss_RAM2)
                0x000000f0        0x4 LONG 0x0 SIZEOF (.bss_RAM2)
                0x000000f4                __bss_section_table_end = .
                0x000000f4                __section_table_end = .
 *(.after_vectors*)
 .after_vectors
                0x000000f4      0x144 ./example/src/cr_startup_lpc175x_6x.o
                0x000000f4                data_init
                0x00000138                bss_init
                0x00000170                ResetISR
                0x000001e8                NMI_Handler
                0x000001f0                HardFault_Handler
                0x000001f8                MemManage_Handler
                0x00000200                BusFault_Handler
                0x00000208                UsageFault_Handler
                0x00000218                DebugMon_Handler
                0x00000230                RIT_IRQHandler
                0x00000230                I2C0_IRQHandler
                0x00000230                USBActivity_IRQHandler
                0x00000230                PWM1_IRQHandler
                0x00000230                I2C1_IRQHandler
                0x00000230                EINT2_IRQHandler
                0x00000230                EINT3_IRQHandler
                0x00000230                CANActivity_IRQHandler
                0x00000230                UART0_IRQHandler
                0x00000230                IntDefaultHandler
                0x00000230                PLL0_IRQHandler
                0x00000230                CAN_IRQHandler
                0x00000230                PLL1_IRQHandler
                0x00000230                SSP0_IRQHandler
                0x00000230                I2S_IRQHandler
                0x00000230                I2C2_IRQHandler
                0x00000230                RTC_IRQHandler
                0x00000230                TIMER0_IRQHandler
                0x00000230                SPI_IRQHandler
                0x00000230                EINT1_IRQHandler
                0x00000230                TIMER1_IRQHandler
                0x00000230                UART2_IRQHandler
                0x00000230                ADC_IRQHandler
                0x00000230                SSP1_IRQHandler
                0x00000230                BOD_IRQHandler
                0x00000230                WDT_IRQHandler
                0x00000230                QEI_IRQHandler
                0x00000230                EINT0_IRQHandler
                0x00000230                ETH_IRQHandler
                0x00000230                DMA_IRQHandler
                0x00000230                UART3_IRQHandler
                0x00000230                MCPWM_IRQHandler
 *(.text*)
 .text.vApplicationIdleHook
                0x00000238       0x10 ./freertos/src/FreeRTOSCommonHooks.o
                0x00000238                vApplicationIdleHook
 .text.pvPortMalloc
                0x00000248       0x24 ./freertos/src/heap_3.o
                0x00000248                pvPortMalloc
 .text.vPortFree
                0x0000026c       0x24 ./freertos/src/heap_3.o
                0x0000026c                vPortFree
 .text.vListInitialise
                0x00000290       0x40 ./freertos/src/list.o
                0x00000290                vListInitialise
 .text.vListInitialiseItem
                0x000002d0       0x18 ./freertos/src/list.o
                0x000002d0                vListInitialiseItem
 .text.vListInsertEnd
                0x000002e8       0x48 ./freertos/src/list.o
                0x000002e8                vListInsertEnd
 .text.vListInsert
                0x00000330       0x70 ./freertos/src/list.o
                0x00000330                vListInsert
 .text.uxListRemove
                0x000003a0       0x54 ./freertos/src/list.o
                0x000003a0                uxListRemove
 .text.pxPortInitialiseStack
                0x000003f4       0x58 ./freertos/src/port.o
                0x000003f4                pxPortInitialiseStack
 .text.prvTaskExitError
                0x0000044c        0xc ./freertos/src/port.o
 .text.SVC_Handler
                0x00000458       0x20 ./freertos/src/port.o
                0x00000458                SVC_Handler
 .text.prvPortStartFirstTask
                0x00000478       0x14 ./freertos/src/port.o
 .text.xPortStartScheduler
                0x0000048c       0x38 ./freertos/src/port.o
                0x0000048c                xPortStartScheduler
 .text.vPortYield
                0x000004c4       0x20 ./freertos/src/port.o
                0x000004c4                vPortYield
 .text.vPortEnterCritical
                0x000004e4       0x20 ./freertos/src/port.o
                0x000004e4                vPortEnterCritical
 .text.vPortExitCritical
                0x00000504       0x24 ./freertos/src/port.o
                0x00000504                vPortExitCritical
 .text.ulPortSetInterruptMask
                0x00000528       0x14 ./freertos/src/port.o
                0x00000528                ulPortSetInterruptMask
 .text.vPortClearInterruptMask
                0x0000053c        0x8 ./freertos/src/port.o
                0x0000053c                vPortClearInterruptMask
 .text.PendSV_Handler
                0x00000544       0x3c ./freertos/src/port.o
                0x00000544                PendSV_Handler
 .text.SysTick_Handler
                0x00000580       0x28 ./freertos/src/port.o
                0x00000580                SysTick_Handler
 .text.vPortSuppressTicksAndSleep
                0x000005a8      0x158 ./freertos/src/port.o
                0x000005a8                vPortSuppressTicksAndSleep
 .text.vPortSetupTimerInterrupt
                0x00000700       0x78 ./freertos/src/port.o
                0x00000700                vPortSetupTimerInterrupt
 .text.xQueueGenericReset
                0x00000778       0xa4 ./freertos/src/queue.o
                0x00000778                xQueueGenericReset
 .text.xQueueGenericCreate
                0x0000081c       0x78 ./freertos/src/queue.o
                0x0000081c                xQueueGenericCreate
 .text.xQueueGenericSend
                0x00000894      0x118 ./freertos/src/queue.o
                0x00000894                xQueueGenericSend
 .text.xQueueGenericReceive
                0x000009ac      0x170 ./freertos/src/queue.o
                0x000009ac                xQueueGenericReceive
 .text.prvCopyDataToQueue
                0x00000b1c       0xd0 ./freertos/src/queue.o
 .text.prvCopyDataFromQueue
                0x00000bec       0x4c ./freertos/src/queue.o
 .text.prvUnlockQueue
                0x00000c38       0x98 ./freertos/src/queue.o
 .text.prvIsQueueEmpty
                0x00000cd0       0x2c ./freertos/src/queue.o
 .text.prvIsQueueFull
                0x00000cfc       0x30 ./freertos/src/queue.o
 .text.xTaskGenericCreate
                0x00000d2c      0x140 ./freertos/src/tasks.o
                0x00000d2c                xTaskGenericCreate
 .text.vTaskDelay
                0x00000e6c       0x50 ./freertos/src/tasks.o
                0x00000e6c                vTaskDelay
 .text.vTaskStartScheduler
                0x00000ebc       0x54 ./freertos/src/tasks.o
                0x00000ebc                vTaskStartScheduler
 .text.vTaskSuspendAll
                0x00000f10       0x1c ./freertos/src/tasks.o
                0x00000f10                vTaskSuspendAll
 .text.prvGetExpectedIdleTime
                0x00000f2c       0x50 ./freertos/src/tasks.o
 .text.xTaskResumeAll
                0x00000f7c       0xfc ./freertos/src/tasks.o
                0x00000f7c                xTaskResumeAll
 .text.vTaskStepTick
                0x00001078       0x24 ./freertos/src/tasks.o
                0x00001078                vTaskStepTick
 .text.xTaskIncrementTick
                0x0000109c      0x18c ./freertos/src/tasks.o
                0x0000109c                xTaskIncrementTick
 .text.vTaskSwitchContext
                0x00001228       0x98 ./freertos/src/tasks.o
                0x00001228                vTaskSwitchContext
 .text.vTaskPlaceOnEventList
                0x000012c0       0x60 ./freertos/src/tasks.o
                0x000012c0                vTaskPlaceOnEventList
 .text.xTaskRemoveFromEventList
                0x00001320       0xac ./freertos/src/tasks.o
                0x00001320                xTaskRemoveFromEventList
 .text.vTaskSetTimeOutState
                0x000013cc       0x2c ./freertos/src/tasks.o
                0x000013cc                vTaskSetTimeOutState
 .text.xTaskCheckForTimeOut
                0x000013f8       0x88 ./freertos/src/tasks.o
                0x000013f8                xTaskCheckForTimeOut
 .text.vTaskMissedYield
                0x00001480       0x18 ./freertos/src/tasks.o
                0x00001480                vTaskMissedYield
 .text.prvIdleTask
                0x00001498       0x48 ./freertos/src/tasks.o
 .text.eTaskConfirmSleepModeStatus
                0x000014e0       0x5c ./freertos/src/tasks.o
                0x000014e0                eTaskConfirmSleepModeStatus
 .text.prvInitialiseTCBVariables
                0x0000153c       0x90 ./freertos/src/tasks.o
 .text.prvInitialiseTaskLists
                0x000015cc       0x7c ./freertos/src/tasks.o
 .text.prvCheckTasksWaitingTermination
                0x00001648       0x74 ./freertos/src/tasks.o
 .text.prvAddCurrentTaskToDelayedList
                0x000016bc       0x6c ./freertos/src/tasks.o
 .text.prvAllocateTCBAndStack
                0x00001728       0x64 ./freertos/src/tasks.o
 .text.prvDeleteTCB
                0x0000178c       0x20 ./freertos/src/tasks.o
 .text.xTaskGetCurrentTaskHandle
                0x000017ac       0x20 ./freertos/src/tasks.o
                0x000017ac                xTaskGetCurrentTaskHandle
 .text.vTaskPriorityInherit
                0x000017cc       0xb4 ./freertos/src/tasks.o
                0x000017cc                vTaskPriorityInherit
 .text.vTaskPriorityDisinherit
                0x00001880       0x7c ./freertos/src/tasks.o
                0x00001880                vTaskPriorityDisinherit
 .text.NVIC_EnableIRQ
                0x000018fc       0x30 ./example/src/Inic_placa1.o
 .text.NVIC_ClearPendingIRQ
                0x0000192c       0x34 ./example/src/Inic_placa1.o
 .text.Chip_GPIO_SetPinState
                0x00001960       0x68 ./example/src/Inic_placa1.o
 .text.Chip_GPIO_WritePortBit
                0x000019c8       0x2c ./example/src/Inic_placa1.o
 .text.Chip_GPIO_SetPinDIROutput
                0x000019f4       0x38 ./example/src/Inic_placa1.o
 .text.Chip_GPIO_SetPinDIRInput
                0x00001a2c       0x3c ./example/src/Inic_placa1.o
 .text.Chip_GPIO_SetPinDIR
                0x00001a68       0x44 ./example/src/Inic_placa1.o
 .text.Chip_GPIO_SetDir
                0x00001aac       0x34 ./example/src/Inic_placa1.o
 .text.Chip_TIMER_Enable
                0x00001ae0       0x20 ./example/src/Inic_placa1.o
 .text.Chip_TIMER_SetMatch
                0x00001b00       0x28 ./example/src/Inic_placa1.o
 .text.kitInic  0x00001b28       0x14 ./example/src/Inic_placa1.o
                0x00001b28                kitInic
 .text.InicGPIOs
                0x00001b3c       0x54 ./example/src/Inic_placa1.o
                0x00001b3c                InicGPIOs
 .text.InicTimers
                0x00001b90       0x74 ./example/src/Inic_placa1.o
                0x00001b90                InicTimers
 .text.HID_GetReport
                0x00001c04       0x50 ./example/src/hid_generic.o
 .text.HID_SetReport
                0x00001c54       0x54 ./example/src/hid_generic.o
 .text.HID_Ep_Hdlr
                0x00001ca8      0x228 ./example/src/hid_generic.o
 .text.usb_hid_init
                0x00001ed0       0xc8 ./example/src/hid_generic.o
                0x00001ed0                usb_hid_init
 .text.NVIC_EnableIRQ
                0x00001f98       0x30 ./example/src/init_usb.o
 .text.usb_pin_clk_init
                0x00001fc8       0x10 ./example/src/init_usb.o
 .text.USB_IRQHandler
                0x00001fd8       0x20 ./example/src/init_usb.o
                0x00001fd8                USB_IRQHandler
 .text.usb_init
                0x00001ff8       0xbc ./example/src/init_usb.o
                0x00001ff8                usb_init
 .text.NVIC_EnableIRQ
                0x000020b4       0x30 ./example/src/main.o
 .text.NVIC_SetPriority
                0x000020e4       0x54 ./example/src/main.o
 .text.Chip_GPIO_SetPinState
                0x00002138       0x68 ./example/src/main.o
 .text.Chip_GPIO_WritePortBit
                0x000021a0       0x2c ./example/src/main.o
 .text.Chip_GPIO_SetPinDIROutput
                0x000021cc       0x38 ./example/src/main.o
 .text.Chip_GPIO_SetPinDIRInput
                0x00002204       0x3c ./example/src/main.o
 .text.Chip_GPIO_SetPinDIR
                0x00002240       0x44 ./example/src/main.o
 .text.Chip_GPIO_SetDir
                0x00002284       0x34 ./example/src/main.o
 .text.Chip_TIMER_MatchPending
                0x000022b8       0x34 ./example/src/main.o
 .text.Chip_TIMER_ClearMatch
                0x000022ec       0x28 ./example/src/main.o
 .text.Chip_UART_IntEnable
                0x00002314       0x20 ./example/src/main.o
 .text.Chip_UART_SetupFIFOS
                0x00002334       0x1c ./example/src/main.o
 .text.Chip_UART_ConfigData
                0x00002350       0x1c ./example/src/main.o
 .text.UART1_IRQHandler
                0x0000236c       0x1c ./example/src/main.o
                0x0000236c                UART1_IRQHandler
 .text.TIMER3_IRQHandler
                0x00002388       0x34 ./example/src/main.o
                0x00002388                TIMER3_IRQHandler
 .text.TIMER2_IRQHandler
                0x000023bc       0x40 ./example/src/main.o
                0x000023bc                TIMER2_IRQHandler
 .text.Datos_motor
                0x000023fc       0xc4 ./example/src/main.o
 .text.Datos_bomba
                0x000024c0       0xc0 ./example/src/main.o
 .text.Encuesto_Esclavo1
                0x00002580       0xb8 ./example/src/main.o
 .text.Encuesto_Esclavo2
                0x00002638       0xb8 ./example/src/main.o
 .text.Sensor   0x000026f0        0x8 ./example/src/main.o
 .text.Enviar_rs485
                0x000026f8       0x88 ./example/src/main.o
 .text.Recibir_rs485
                0x00002780      0x160 ./example/src/main.o
 .text.InicUart1
                0x000028e0       0xbc ./example/src/main.o
                0x000028e0                InicUart1
 .text.task_inic
                0x0000299c      0x34c ./example/src/main.o
                0x0000299c                task_inic
 .text.main     0x00002ce8       0x20 ./example/src/main.o
                0x00002ce8                main
 .text.SystemInit
                0x00002d08       0x24 ./example/src/sysinit.o
                0x00002d08                SystemInit
 .text.Chip_UART_SendByte
                0x00002d2c       0x1c /home/juan/LPCXpresso/workspace/lpc_board_nxp_lpcxpresso_1769/Debug/liblpc_board_nxp_lpcxpresso_1769.a(board.o)
 .text.Chip_UART_ReadLineStatus
                0x00002d48       0x18 /home/juan/LPCXpresso/workspace/lpc_board_nxp_lpcxpresso_1769/Debug/liblpc_board_nxp_lpcxpresso_1769.a(board.o)
 .text.__sys_write
                0x00002d60       0x38 /home/juan/LPCXpresso/workspace/lpc_board_nxp_lpcxpresso_1769/Debug/liblpc_board_nxp_lpcxpresso_1769.a(board.o)
                0x00002d60                __sys_write
 .text.Board_UARTPutChar
                0x00002d98       0x30 /home/juan/LPCXpresso/workspace/lpc_board_nxp_lpcxpresso_1769/Debug/liblpc_board_nxp_lpcxpresso_1769.a(board.o)
                0x00002d98                Board_UARTPutChar
 .text.Board_USBD_Init
                0x00002dc8       0x50 /home/juan/LPCXpresso/workspace/lpc_board_nxp_lpcxpresso_1769/Debug/liblpc_board_nxp_lpcxpresso_1769.a(board.o)
                0x00002dc8                Board_USBD_Init
 .text.Chip_SYSCTL_SetFLASHAccess
                0x00002e18       0x30 /home/juan/LPCXpresso/workspace/lpc_board_nxp_lpcxpresso_1769/Debug/liblpc_board_nxp_lpcxpresso_1769.a(board_sysinit.o)
 .text.Board_SetupMuxing
                0x00002e48       0x18 /home/juan/LPCXpresso/workspace/lpc_board_nxp_lpcxpresso_1769/Debug/liblpc_board_nxp_lpcxpresso_1769.a(board_sysinit.o)
                0x00002e48                Board_SetupMuxing
 .text.Board_SetupClocking
                0x00002e60       0x10 /home/juan/LPCXpresso/workspace/lpc_board_nxp_lpcxpresso_1769/Debug/liblpc_board_nxp_lpcxpresso_1769.a(board_sysinit.o)
                0x00002e60                Board_SetupClocking
 .text.Board_SystemInit
                0x00002e70       0x10 /home/juan/LPCXpresso/workspace/lpc_board_nxp_lpcxpresso_1769/Debug/liblpc_board_nxp_lpcxpresso_1769.a(board_sysinit.o)
                0x00002e70                Board_SystemInit
 .text.Chip_Clock_IsUSBPLLLocked
                0x00002e80       0x28 /home/juan/LPCXpresso/workspace/lpc_chip_175x_6x/Debug/liblpc_chip_175x_6x.a(chip_17xx_40xx.o)
 .text.Chip_Clock_IsUSBPLLConnected
                0x00002ea8       0x28 /home/juan/LPCXpresso/workspace/lpc_chip_175x_6x/Debug/liblpc_chip_175x_6x.a(chip_17xx_40xx.o)
 .text.SystemCoreClockUpdate
                0x00002ed0       0x14 /home/juan/LPCXpresso/workspace/lpc_chip_175x_6x/Debug/liblpc_chip_175x_6x.a(chip_17xx_40xx.o)
                0x00002ed0                SystemCoreClockUpdate
 .text.Chip_USB_Init
                0x00002ee4       0x4c /home/juan/LPCXpresso/workspace/lpc_chip_175x_6x/Debug/liblpc_chip_175x_6x.a(chip_17xx_40xx.o)
                0x00002ee4                Chip_USB_Init
 .text.Chip_Clock_IsMainPLLEnabled
                0x00002f30       0x28 /home/juan/LPCXpresso/workspace/lpc_chip_175x_6x/Debug/liblpc_chip_175x_6x.a(clock_17xx_40xx.o)
 .text.Chip_Clock_IsMainPLLConnected
                0x00002f58       0x28 /home/juan/LPCXpresso/workspace/lpc_chip_175x_6x/Debug/liblpc_chip_175x_6x.a(clock_17xx_40xx.o)
 .text.Chip_Clock_FeedPLL
                0x00002f80       0x34 /home/juan/LPCXpresso/workspace/lpc_chip_175x_6x/Debug/liblpc_chip_175x_6x.a(clock_17xx_40xx.o)
 .text.Chip_Clock_GetMainPLLSource
                0x00002fb4       0x20 /home/juan/LPCXpresso/workspace/lpc_chip_175x_6x/Debug/liblpc_chip_175x_6x.a(clock_17xx_40xx.o)
 .text.Chip_Clock_GetMainOscRate
                0x00002fd4       0x18 /home/juan/LPCXpresso/workspace/lpc_chip_175x_6x/Debug/liblpc_chip_175x_6x.a(clock_17xx_40xx.o)
 .text.Chip_Clock_GetIntOscRate
                0x00002fec       0x14 /home/juan/LPCXpresso/workspace/lpc_chip_175x_6x/Debug/liblpc_chip_175x_6x.a(clock_17xx_40xx.o)
 .text.Chip_Clock_GetRTCOscRate
                0x00003000       0x18 /home/juan/LPCXpresso/workspace/lpc_chip_175x_6x/Debug/liblpc_chip_175x_6x.a(clock_17xx_40xx.o)
 .text.Chip_Clock_GetMainPLLInClockRate
                0x00003018       0x10 /home/juan/LPCXpresso/workspace/lpc_chip_175x_6x/Debug/liblpc_chip_175x_6x.a(clock_17xx_40xx.o)
 .text.Chip_Clock_EnablePLL
                0x00003028       0x44 /home/juan/LPCXpresso/workspace/lpc_chip_175x_6x/Debug/liblpc_chip_175x_6x.a(clock_17xx_40xx.o)
                0x00003028                Chip_Clock_EnablePLL
 .text.Chip_Clock_DisablePLL
                0x0000306c       0x44 /home/juan/LPCXpresso/workspace/lpc_chip_175x_6x/Debug/liblpc_chip_175x_6x.a(clock_17xx_40xx.o)
                0x0000306c                Chip_Clock_DisablePLL
 .text.Chip_Clock_SetupPLL
                0x000030b0       0x58 /home/juan/LPCXpresso/workspace/lpc_chip_175x_6x/Debug/liblpc_chip_175x_6x.a(clock_17xx_40xx.o)
                0x000030b0                Chip_Clock_SetupPLL
 .text.Chip_Clock_EnablePeriphClock
                0x00003108       0x34 /home/juan/LPCXpresso/workspace/lpc_chip_175x_6x/Debug/liblpc_chip_175x_6x.a(clock_17xx_40xx.o)
                0x00003108                Chip_Clock_EnablePeriphClock
 .text.Chip_Clock_GetCPUClockSource
                0x0000313c       0x24 /home/juan/LPCXpresso/workspace/lpc_chip_175x_6x/Debug/liblpc_chip_175x_6x.a(clock_17xx_40xx.o)
                0x0000313c                Chip_Clock_GetCPUClockSource
 .text.Chip_Clock_SetCPUClockDiv
                0x00003160       0x20 /home/juan/LPCXpresso/workspace/lpc_chip_175x_6x/Debug/liblpc_chip_175x_6x.a(clock_17xx_40xx.o)
                0x00003160                Chip_Clock_SetCPUClockDiv
 .text.Chip_Clock_GetCPUClockDiv
                0x00003180       0x1c /home/juan/LPCXpresso/workspace/lpc_chip_175x_6x/Debug/liblpc_chip_175x_6x.a(clock_17xx_40xx.o)
                0x00003180                Chip_Clock_GetCPUClockDiv
 .text.Chip_Clock_SetPCLKDiv
                0x0000319c       0x64 /home/juan/LPCXpresso/workspace/lpc_chip_175x_6x/Debug/liblpc_chip_175x_6x.a(clock_17xx_40xx.o)
                0x0000319c                Chip_Clock_SetPCLKDiv
 .text.Chip_Clock_GetPCLKDiv
                0x00003200       0x90 /home/juan/LPCXpresso/workspace/lpc_chip_175x_6x/Debug/liblpc_chip_175x_6x.a(clock_17xx_40xx.o)
                0x00003200                Chip_Clock_GetPCLKDiv
 .text.Chip_Clock_GetSYSCLKRate
                0x00003290       0x34 /home/juan/LPCXpresso/workspace/lpc_chip_175x_6x/Debug/liblpc_chip_175x_6x.a(clock_17xx_40xx.o)
                0x00003290                Chip_Clock_GetSYSCLKRate
 .text.Chip_Clock_GetMainPLLOutClockRate
                0x000032c4       0x54 /home/juan/LPCXpresso/workspace/lpc_chip_175x_6x/Debug/liblpc_chip_175x_6x.a(clock_17xx_40xx.o)
                0x000032c4                Chip_Clock_GetMainPLLOutClockRate
 .text.Chip_Clock_GetMainClockRate
                0x00003318       0x28 /home/juan/LPCXpresso/workspace/lpc_chip_175x_6x/Debug/liblpc_chip_175x_6x.a(clock_17xx_40xx.o)
                0x00003318                Chip_Clock_GetMainClockRate
 .text.Chip_Clock_GetSystemClockRate
                0x00003340       0x18 /home/juan/LPCXpresso/workspace/lpc_chip_175x_6x/Debug/liblpc_chip_175x_6x.a(clock_17xx_40xx.o)
                0x00003340                Chip_Clock_GetSystemClockRate
 .text.Chip_Clock_GetPeripheralClockRate
                0x00003358       0x28 /home/juan/LPCXpresso/workspace/lpc_chip_175x_6x/Debug/liblpc_chip_175x_6x.a(clock_17xx_40xx.o)
                0x00003358                Chip_Clock_GetPeripheralClockRate
 .text.Chip_IOCON_PinMuxSet
                0x00003380       0x34 /home/juan/LPCXpresso/workspace/lpc_chip_175x_6x/Debug/liblpc_chip_175x_6x.a(iocon_17xx_40xx.o)
                0x00003380                Chip_IOCON_PinMuxSet
 .text.Chip_IOCON_PinMux
                0x000033b4       0x94 /home/juan/LPCXpresso/workspace/lpc_chip_175x_6x/Debug/liblpc_chip_175x_6x.a(iocon_17xx_40xx.o)
                0x000033b4                Chip_IOCON_PinMux
 .text.Chip_IOCON_SetPinMuxing
                0x00003448       0x60 /home/juan/LPCXpresso/workspace/lpc_chip_175x_6x/Debug/liblpc_chip_175x_6x.a(iocon_17xx_40xx.o)
                0x00003448                Chip_IOCON_SetPinMuxing
 .text.RingBuffer_GetCount
                0x000034a8       0x24 /home/juan/LPCXpresso/workspace/lpc_chip_175x_6x/Debug/liblpc_chip_175x_6x.a(ring_buffer.o)
 .text.RingBuffer_GetFree
                0x000034cc       0x20 /home/juan/LPCXpresso/workspace/lpc_chip_175x_6x/Debug/liblpc_chip_175x_6x.a(ring_buffer.o)
 .text.RingBuffer_IsFull
                0x000034ec       0x28 /home/juan/LPCXpresso/workspace/lpc_chip_175x_6x/Debug/liblpc_chip_175x_6x.a(ring_buffer.o)
 .text.RingBuffer_IsEmpty
                0x00003514       0x2c /home/juan/LPCXpresso/workspace/lpc_chip_175x_6x/Debug/liblpc_chip_175x_6x.a(ring_buffer.o)
 .text.RingBuffer_Init
                0x00003540       0x3c /home/juan/LPCXpresso/workspace/lpc_chip_175x_6x/Debug/liblpc_chip_175x_6x.a(ring_buffer.o)
                0x00003540                RingBuffer_Init
 .text.RingBuffer_Insert
                0x0000357c       0x5c /home/juan/LPCXpresso/workspace/lpc_chip_175x_6x/Debug/liblpc_chip_175x_6x.a(ring_buffer.o)
                0x0000357c                RingBuffer_Insert
 .text.RingBuffer_InsertMult
                0x000035d8      0x124 /home/juan/LPCXpresso/workspace/lpc_chip_175x_6x/Debug/liblpc_chip_175x_6x.a(ring_buffer.o)
                0x000035d8                RingBuffer_InsertMult
 .text.RingBuffer_Pop
                0x000036fc       0x5c /home/juan/LPCXpresso/workspace/lpc_chip_175x_6x/Debug/liblpc_chip_175x_6x.a(ring_buffer.o)
                0x000036fc                RingBuffer_Pop
 .text.RingBuffer_PopMult
                0x00003758      0x124 /home/juan/LPCXpresso/workspace/lpc_chip_175x_6x/Debug/liblpc_chip_175x_6x.a(ring_buffer.o)
                0x00003758                RingBuffer_PopMult
 .text.Chip_Clock_IsMainPLLEnabled
                0x0000387c       0x28 /home/juan/LPCXpresso/workspace/lpc_chip_175x_6x/Debug/liblpc_chip_175x_6x.a(sysinit_17xx_40xx.o)
 .text.Chip_Clock_IsMainPLLLocked
                0x000038a4       0x28 /home/juan/LPCXpresso/workspace/lpc_chip_175x_6x/Debug/liblpc_chip_175x_6x.a(sysinit_17xx_40xx.o)
 .text.Chip_Clock_IsMainPLLConnected
                0x000038cc       0x28 /home/juan/LPCXpresso/workspace/lpc_chip_175x_6x/Debug/liblpc_chip_175x_6x.a(sysinit_17xx_40xx.o)
 .text.Chip_Clock_EnableCrystal
                0x000038f4       0x20 /home/juan/LPCXpresso/workspace/lpc_chip_175x_6x/Debug/liblpc_chip_175x_6x.a(sysinit_17xx_40xx.o)
 .text.Chip_Clock_IsCrystalEnabled
                0x00003914       0x28 /home/juan/LPCXpresso/workspace/lpc_chip_175x_6x/Debug/liblpc_chip_175x_6x.a(sysinit_17xx_40xx.o)
 .text.Chip_Clock_SetMainPLLSource
                0x0000393c       0x20 /home/juan/LPCXpresso/workspace/lpc_chip_175x_6x/Debug/liblpc_chip_175x_6x.a(sysinit_17xx_40xx.o)
 .text.Chip_SetupXtalClocking
                0x0000395c       0x90 /home/juan/LPCXpresso/workspace/lpc_chip_175x_6x/Debug/liblpc_chip_175x_6x.a(sysinit_17xx_40xx.o)
                0x0000395c                Chip_SetupXtalClocking
 .text.Chip_Timer_GetClockIndex
                0x000039ec       0x50 /home/juan/LPCXpresso/workspace/lpc_chip_175x_6x/Debug/liblpc_chip_175x_6x.a(timer_17xx_40xx.o)
 .text.Chip_TIMER_Init
                0x00003a3c       0x1c /home/juan/LPCXpresso/workspace/lpc_chip_175x_6x/Debug/liblpc_chip_175x_6x.a(timer_17xx_40xx.o)
                0x00003a3c                Chip_TIMER_Init
 .text.Chip_TIMER_Reset
                0x00003a58       0x3c /home/juan/LPCXpresso/workspace/lpc_chip_175x_6x/Debug/liblpc_chip_175x_6x.a(timer_17xx_40xx.o)
                0x00003a58                Chip_TIMER_Reset
 .text.RingBuffer_IsEmpty
                0x00003a94       0x2c /home/juan/LPCXpresso/workspace/lpc_chip_175x_6x/Debug/liblpc_chip_175x_6x.a(uart_17xx_40xx.o)
 .text.Chip_UART_SendByte
                0x00003ac0       0x1c /home/juan/LPCXpresso/workspace/lpc_chip_175x_6x/Debug/liblpc_chip_175x_6x.a(uart_17xx_40xx.o)
 .text.Chip_UART_ReadByte
                0x00003adc       0x1c /home/juan/LPCXpresso/workspace/lpc_chip_175x_6x/Debug/liblpc_chip_175x_6x.a(uart_17xx_40xx.o)
 .text.Chip_UART_IntEnable
                0x00003af8       0x20 /home/juan/LPCXpresso/workspace/lpc_chip_175x_6x/Debug/liblpc_chip_175x_6x.a(uart_17xx_40xx.o)
 .text.Chip_UART_IntDisable
                0x00003b18       0x24 /home/juan/LPCXpresso/workspace/lpc_chip_175x_6x/Debug/liblpc_chip_175x_6x.a(uart_17xx_40xx.o)
 .text.Chip_UART_ReadIntIDReg
                0x00003b3c       0x18 /home/juan/LPCXpresso/workspace/lpc_chip_175x_6x/Debug/liblpc_chip_175x_6x.a(uart_17xx_40xx.o)
 .text.Chip_UART_SetupFIFOS
                0x00003b54       0x1c /home/juan/LPCXpresso/workspace/lpc_chip_175x_6x/Debug/liblpc_chip_175x_6x.a(uart_17xx_40xx.o)
 .text.Chip_UART_ConfigData
                0x00003b70       0x1c /home/juan/LPCXpresso/workspace/lpc_chip_175x_6x/Debug/liblpc_chip_175x_6x.a(uart_17xx_40xx.o)
 .text.Chip_UART_EnableDivisorAccess
                0x00003b8c       0x20 /home/juan/LPCXpresso/workspace/lpc_chip_175x_6x/Debug/liblpc_chip_175x_6x.a(uart_17xx_40xx.o)
 .text.Chip_UART_DisableDivisorAccess
                0x00003bac       0x20 /home/juan/LPCXpresso/workspace/lpc_chip_175x_6x/Debug/liblpc_chip_175x_6x.a(uart_17xx_40xx.o)
 .text.Chip_UART_SetDivisorLatches
                0x00003bcc       0x28 /home/juan/LPCXpresso/workspace/lpc_chip_175x_6x/Debug/liblpc_chip_175x_6x.a(uart_17xx_40xx.o)
 .text.Chip_UART_ReadLineStatus
                0x00003bf4       0x18 /home/juan/LPCXpresso/workspace/lpc_chip_175x_6x/Debug/liblpc_chip_175x_6x.a(uart_17xx_40xx.o)
 .text.Chip_UART_SetAutoBaudReg
                0x00003c0c       0x20 /home/juan/LPCXpresso/workspace/lpc_chip_175x_6x/Debug/liblpc_chip_175x_6x.a(uart_17xx_40xx.o)
 .text.Chip_UART_GetClockIndex
                0x00003c2c       0x50 /home/juan/LPCXpresso/workspace/lpc_chip_175x_6x/Debug/liblpc_chip_175x_6x.a(uart_17xx_40xx.o)
 .text.Chip_UART_ABIntHandler
                0x00003c7c       0x6c /home/juan/LPCXpresso/workspace/lpc_chip_175x_6x/Debug/liblpc_chip_175x_6x.a(uart_17xx_40xx.o)
 .text.Chip_UART_GetClkIndex
                0x00003ce8       0x50 /home/juan/LPCXpresso/workspace/lpc_chip_175x_6x/Debug/liblpc_chip_175x_6x.a(uart_17xx_40xx.o)
 .text.Chip_UART_Init
                0x00003d38       0x74 /home/juan/LPCXpresso/workspace/lpc_chip_175x_6x/Debug/liblpc_chip_175x_6x.a(uart_17xx_40xx.o)
                0x00003d38                Chip_UART_Init
 .text.Chip_UART_TXEnable
                0x00003dac       0x18 /home/juan/LPCXpresso/workspace/lpc_chip_175x_6x/Debug/liblpc_chip_175x_6x.a(uart_17xx_40xx.o)
                0x00003dac                Chip_UART_TXEnable
 .text.Chip_UART_TXDisable
                0x00003dc4       0x18 /home/juan/LPCXpresso/workspace/lpc_chip_175x_6x/Debug/liblpc_chip_175x_6x.a(uart_17xx_40xx.o)
                0x00003dc4                Chip_UART_TXDisable
 .text.Chip_UART_SetBaud
                0x00003ddc       0x64 /home/juan/LPCXpresso/workspace/lpc_chip_175x_6x/Debug/liblpc_chip_175x_6x.a(uart_17xx_40xx.o)
                0x00003ddc                Chip_UART_SetBaud
 .text.Chip_UART_RXIntHandlerRB
                0x00003e40       0x38 /home/juan/LPCXpresso/workspace/lpc_chip_175x_6x/Debug/liblpc_chip_175x_6x.a(uart_17xx_40xx.o)
                0x00003e40                Chip_UART_RXIntHandlerRB
 .text.Chip_UART_TXIntHandlerRB
                0x00003e78       0x40 /home/juan/LPCXpresso/workspace/lpc_chip_175x_6x/Debug/liblpc_chip_175x_6x.a(uart_17xx_40xx.o)
                0x00003e78                Chip_UART_TXIntHandlerRB
 .text.Chip_UART_SendRB
                0x00003eb8       0x60 /home/juan/LPCXpresso/workspace/lpc_chip_175x_6x/Debug/liblpc_chip_175x_6x.a(uart_17xx_40xx.o)
                0x00003eb8                Chip_UART_SendRB
 .text.Chip_UART_ReadRB
                0x00003f18       0x24 /home/juan/LPCXpresso/workspace/lpc_chip_175x_6x/Debug/liblpc_chip_175x_6x.a(uart_17xx_40xx.o)
                0x00003f18                Chip_UART_ReadRB
 .text.Chip_UART_IRQRBHandler
                0x00003f3c       0x48 /home/juan/LPCXpresso/workspace/lpc_chip_175x_6x/Debug/liblpc_chip_175x_6x.a(uart_17xx_40xx.o)
                0x00003f3c                Chip_UART_IRQRBHandler
 .text.EPAdr    0x00003f84       0x10 /home/juan/LPCXpresso/workspace/lpc_chip_175x_6x/libs/libusbd_175x_6x_lib.a(hw_usbd_ip3503.o)
                0x00003f84                EPAdr
 .text.hwWrCmd  0x00003f94       0x10 /home/juan/LPCXpresso/workspace/lpc_chip_175x_6x/libs/libusbd_175x_6x_lib.a(hw_usbd_ip3503.o)
                0x00003f94                hwWrCmd
 .text.hwWrCmdDat
                0x00003fa4       0x16 /home/juan/LPCXpresso/workspace/lpc_chip_175x_6x/libs/libusbd_175x_6x_lib.a(hw_usbd_ip3503.o)
                0x00003fa4                hwWrCmdDat
 .text.hwWrCmdEP
                0x00003fba       0x24 /home/juan/LPCXpresso/workspace/lpc_chip_175x_6x/libs/libusbd_175x_6x_lib.a(hw_usbd_ip3503.o)
                0x00003fba                hwWrCmdEP
 .text.hwRdCmdDat
                0x00003fde       0x12 /home/juan/LPCXpresso/workspace/lpc_chip_175x_6x/libs/libusbd_175x_6x_lib.a(hw_usbd_ip3503.o)
                0x00003fde                hwRdCmdDat
 .text.hwUSB_GetMemSize
                0x00003ff0        0x6 /home/juan/LPCXpresso/workspace/lpc_chip_175x_6x/libs/libusbd_175x_6x_lib.a(hw_usbd_ip3503.o)
                0x00003ff0                hwUSB_GetMemSize
 *fill*         0x00003ff6        0x2 
 .text.hwUSB_Connect
                0x00003ff8       0x1c /home/juan/LPCXpresso/workspace/lpc_chip_175x_6x/libs/libusbd_175x_6x_lib.a(hw_usbd_ip3503.o)
                0x00003ff8                hwUSB_Connect
 .text.hwUSB_Reset
                0x00004014       0x30 /home/juan/LPCXpresso/workspace/lpc_chip_175x_6x/libs/libusbd_175x_6x_lib.a(hw_usbd_ip3503.o)
                0x00004014                hwUSB_Reset
 .text.hwUSB_WakeUp
                0x00004044       0x20 /home/juan/LPCXpresso/workspace/lpc_chip_175x_6x/libs/libusbd_175x_6x_lib.a(hw_usbd_ip3503.o)
                0x00004044                hwUSB_WakeUp
 .text.hwUSB_WakeUpCfg
                0x00004064        0x2 /home/juan/LPCXpresso/workspace/lpc_chip_175x_6x/libs/libusbd_175x_6x_lib.a(hw_usbd_ip3503.o)
                0x00004064                hwUSB_WakeUpCfg
 *fill*         0x00004066        0x2 
 .text.hwUSB_SetAddress
                0x00004068       0x30 /home/juan/LPCXpresso/workspace/lpc_chip_175x_6x/libs/libusbd_175x_6x_lib.a(hw_usbd_ip3503.o)
                0x00004068                hwUSB_SetAddress
 .text.hwUSB_Init
                0x00004098       0x84 /home/juan/LPCXpresso/workspace/lpc_chip_175x_6x/libs/libusbd_175x_6x_lib.a(hw_usbd_ip3503.o)
                0x00004098                hwUSB_Init
 .text.hwUSB_Configure
                0x0000411c       0x34 /home/juan/LPCXpresso/workspace/lpc_chip_175x_6x/libs/libusbd_175x_6x_lib.a(hw_usbd_ip3503.o)
                0x0000411c                hwUSB_Configure
 .text.hwUSB_ConfigEP
                0x00004150       0x32 /home/juan/LPCXpresso/workspace/lpc_chip_175x_6x/libs/libusbd_175x_6x_lib.a(hw_usbd_ip3503.o)
                0x00004150                hwUSB_ConfigEP
 .text.hwUSB_DirCtrlEP
                0x00004182        0x2 /home/juan/LPCXpresso/workspace/lpc_chip_175x_6x/libs/libusbd_175x_6x_lib.a(hw_usbd_ip3503.o)
                0x00004182                hwUSB_DirCtrlEP
 .text.hwUSB_EnableEP
                0x00004184       0x24 /home/juan/LPCXpresso/workspace/lpc_chip_175x_6x/libs/libusbd_175x_6x_lib.a(hw_usbd_ip3503.o)
                0x00004184                hwUSB_EnableEP
 .text.hwUSB_DisableEP
                0x000041a8       0x28 /home/juan/LPCXpresso/workspace/lpc_chip_175x_6x/libs/libusbd_175x_6x_lib.a(hw_usbd_ip3503.o)
                0x000041a8                hwUSB_DisableEP
 .text.hwUSB_ResetEP
                0x000041d0       0x24 /home/juan/LPCXpresso/workspace/lpc_chip_175x_6x/libs/libusbd_175x_6x_lib.a(hw_usbd_ip3503.o)
                0x000041d0                hwUSB_ResetEP
 .text.hwUSB_SetStallEP
                0x000041f4       0x28 /home/juan/LPCXpresso/workspace/lpc_chip_175x_6x/libs/libusbd_175x_6x_lib.a(hw_usbd_ip3503.o)
                0x000041f4                hwUSB_SetStallEP
 .text.hwUSB_ClrStallEP
                0x0000421c       0x24 /home/juan/LPCXpresso/workspace/lpc_chip_175x_6x/libs/libusbd_175x_6x_lib.a(hw_usbd_ip3503.o)
                0x0000421c                hwUSB_ClrStallEP
 .text.hwUSB_EnableEvent
                0x00004240       0xd8 /home/juan/LPCXpresso/workspace/lpc_chip_175x_6x/libs/libusbd_175x_6x_lib.a(hw_usbd_ip3503.o)
                0x00004240                hwUSB_EnableEvent
 .text.hwUSB_ReadEP
                0x00004318       0x80 /home/juan/LPCXpresso/workspace/lpc_chip_175x_6x/libs/libusbd_175x_6x_lib.a(hw_usbd_ip3503.o)
                0x00004318                hwUSB_ReadEP
 .text.hwUSB_ForceFullSpeed
                0x00004398        0x2 /home/juan/LPCXpresso/workspace/lpc_chip_175x_6x/libs/libusbd_175x_6x_lib.a(hw_usbd_ip3503.o)
                0x00004398                hwUSB_ForceFullSpeed
 .text.hwUSB_SetTestMode
                0x0000439a        0x4 /home/juan/LPCXpresso/workspace/lpc_chip_175x_6x/libs/libusbd_175x_6x_lib.a(hw_usbd_ip3503.o)
                0x0000439a                hwUSB_SetTestMode
 .text.hwUSB_ReadReqEP
                0x0000439e        0x4 /home/juan/LPCXpresso/workspace/lpc_chip_175x_6x/libs/libusbd_175x_6x_lib.a(hw_usbd_ip3503.o)
                0x0000439e                hwUSB_ReadReqEP
 .text.hwUSB_ReadSetupPkt
                0x000043a2        0x4 /home/juan/LPCXpresso/workspace/lpc_chip_175x_6x/libs/libusbd_175x_6x_lib.a(hw_usbd_ip3503.o)
                0x000043a2                hwUSB_ReadSetupPkt
 *fill*         0x000043a6        0x2 
 .text.hwUSB_WriteEP
                0x000043a8       0x44 /home/juan/LPCXpresso/workspace/lpc_chip_175x_6x/libs/libusbd_175x_6x_lib.a(hw_usbd_ip3503.o)
                0x000043a8                hwUSB_WriteEP
 .text.hwUSB_ISR
                0x000043ec      0x1a0 /home/juan/LPCXpresso/workspace/lpc_chip_175x_6x/libs/libusbd_175x_6x_lib.a(hw_usbd_ip3503.o)
                0x000043ec                hwUSB_ISR
 .text.USB_ReqGetConfiguration
                0x0000458c       0x20 /home/juan/LPCXpresso/workspace/lpc_chip_175x_6x/libs/libusbd_175x_6x_lib.a(mw_usbd_core.o)
                0x0000458c                USB_ReqGetConfiguration
 .text.USBD_virt_to_phys
                0x000045ac        0x2 /home/juan/LPCXpresso/workspace/lpc_chip_175x_6x/libs/libusbd_175x_6x_lib.a(mw_usbd_core.o)
                0x000045ac                USBD_virt_to_phys
 .text.USBD_cache_flush
                0x000045ae        0x2 /home/juan/LPCXpresso/workspace/lpc_chip_175x_6x/libs/libusbd_175x_6x_lib.a(mw_usbd_core.o)
                0x000045ae                USBD_cache_flush
 .text.USB_ReqGetStatus
                0x000045b0       0x8c /home/juan/LPCXpresso/workspace/lpc_chip_175x_6x/libs/libusbd_175x_6x_lib.a(mw_usbd_core.o)
                0x000045b0                USB_ReqGetStatus
 .text.USB_ReqGetDescriptor
                0x0000463c       0x84 /home/juan/LPCXpresso/workspace/lpc_chip_175x_6x/libs/libusbd_175x_6x_lib.a(mw_usbd_core.o)
                0x0000463c                USB_ReqGetDescriptor
 .text.USB_ReqGetInterface
                0x000046c0       0x34 /home/juan/LPCXpresso/workspace/lpc_chip_175x_6x/libs/libusbd_175x_6x_lib.a(mw_usbd_core.o)
                0x000046c0                USB_ReqGetInterface
 .text.USB_ReqSetClrFeature
                0x000046f4       0xb4 /home/juan/LPCXpresso/workspace/lpc_chip_175x_6x/libs/libusbd_175x_6x_lib.a(mw_usbd_core.o)
                0x000046f4                USB_ReqSetClrFeature
 .text.USB_ReqSetConfiguration
                0x000047a8      0x194 /home/juan/LPCXpresso/workspace/lpc_chip_175x_6x/libs/libusbd_175x_6x_lib.a(mw_usbd_core.o)
                0x000047a8                USB_ReqSetConfiguration
 .text.USB_ReqSetInterface
                0x0000493c      0x144 /home/juan/LPCXpresso/workspace/lpc_chip_175x_6x/libs/libusbd_175x_6x_lib.a(mw_usbd_core.o)
                0x0000493c                USB_ReqSetInterface
 .text.mwUSB_SetupStage
                0x00004a80        0xa /home/juan/LPCXpresso/workspace/lpc_chip_175x_6x/libs/libusbd_175x_6x_lib.a(mw_usbd_core.o)
                0x00004a80                mwUSB_SetupStage
 .text.mwUSB_DataInStage
                0x00004a8a       0x2e /home/juan/LPCXpresso/workspace/lpc_chip_175x_6x/libs/libusbd_175x_6x_lib.a(mw_usbd_core.o)
                0x00004a8a                mwUSB_DataInStage
 .text.mwUSB_DataOutStage
                0x00004ab8       0x24 /home/juan/LPCXpresso/workspace/lpc_chip_175x_6x/libs/libusbd_175x_6x_lib.a(mw_usbd_core.o)
                0x00004ab8                mwUSB_DataOutStage
 .text.mwUSB_StatusInStage
                0x00004adc        0xa /home/juan/LPCXpresso/workspace/lpc_chip_175x_6x/libs/libusbd_175x_6x_lib.a(mw_usbd_core.o)
                0x00004adc                mwUSB_StatusInStage
 .text.mwUSB_StatusOutStage
                0x00004ae6        0xa /home/juan/LPCXpresso/workspace/lpc_chip_175x_6x/libs/libusbd_175x_6x_lib.a(mw_usbd_core.o)
                0x00004ae6                mwUSB_StatusOutStage
 .text.mwUSB_StallEp0
                0x00004af0       0x12 /home/juan/LPCXpresso/workspace/lpc_chip_175x_6x/libs/libusbd_175x_6x_lib.a(mw_usbd_core.o)
                0x00004af0                mwUSB_StallEp0
 *fill*         0x00004b02        0x2 
 .text.USB_ReqSetAddress
                0x00004b04       0x24 /home/juan/LPCXpresso/workspace/lpc_chip_175x_6x/libs/libusbd_175x_6x_lib.a(mw_usbd_core.o)
                0x00004b04                USB_ReqSetAddress
 .text.USB_InvokeEp0Hdlrs
                0x00004b28       0x44 /home/juan/LPCXpresso/workspace/lpc_chip_175x_6x/libs/libusbd_175x_6x_lib.a(mw_usbd_core.o)
                0x00004b28                USB_InvokeEp0Hdlrs
 .text.mwUSB_ResetCore
                0x00004b6c       0x26 /home/juan/LPCXpresso/workspace/lpc_chip_175x_6x/libs/libusbd_175x_6x_lib.a(mw_usbd_core.o)
                0x00004b6c                mwUSB_ResetCore
 *fill*         0x00004b92        0x2 
 .text.USB_EvtSetupHandler
                0x00004b94      0x108 /home/juan/LPCXpresso/workspace/lpc_chip_175x_6x/libs/libusbd_175x_6x_lib.a(mw_usbd_core.o)
                0x00004b94                USB_EvtSetupHandler
 .text.USB_EvtOutHandler
                0x00004c9c       0x68 /home/juan/LPCXpresso/workspace/lpc_chip_175x_6x/libs/libusbd_175x_6x_lib.a(mw_usbd_core.o)
                0x00004c9c                USB_EvtOutHandler
 .text.USB_EndPoint0
                0x00004d04       0x94 /home/juan/LPCXpresso/workspace/lpc_chip_175x_6x/libs/libusbd_175x_6x_lib.a(mw_usbd_core.o)
                0x00004d04                USB_EndPoint0
 .text.mwUSB_InitCore
                0x00004d98       0xdc /home/juan/LPCXpresso/workspace/lpc_chip_175x_6x/libs/libusbd_175x_6x_lib.a(mw_usbd_core.o)
                0x00004d98                mwUSB_InitCore
 .text.mwUSB_RegisterClassHandler
                0x00004e74       0x28 /home/juan/LPCXpresso/workspace/lpc_chip_175x_6x/libs/libusbd_175x_6x_lib.a(mw_usbd_core.o)
                0x00004e74                mwUSB_RegisterClassHandler
 .text.mwUSB_RegisterEpHandler
                0x00004e9c       0x24 /home/juan/LPCXpresso/workspace/lpc_chip_175x_6x/libs/libusbd_175x_6x_lib.a(mw_usbd_core.o)
                0x00004e9c                mwUSB_RegisterEpHandler
 .text.mwHID_GetReportDesc
                0x00004ec0       0x1c /home/juan/LPCXpresso/workspace/lpc_chip_175x_6x/libs/libusbd_175x_6x_lib.a(mw_usbd_hiduser.o)
                0x00004ec0                mwHID_GetReportDesc
 .text.mwHID_GetIdle
                0x00004edc       0x16 /home/juan/LPCXpresso/workspace/lpc_chip_175x_6x/libs/libusbd_175x_6x_lib.a(mw_usbd_hiduser.o)
                0x00004edc                mwHID_GetIdle
 .text.mwHID_SetIdle
                0x00004ef2       0x24 /home/juan/LPCXpresso/workspace/lpc_chip_175x_6x/libs/libusbd_175x_6x_lib.a(mw_usbd_hiduser.o)
                0x00004ef2                mwHID_SetIdle
 .text.mwHID_SetProtocol
                0x00004f16       0x1a /home/juan/LPCXpresso/workspace/lpc_chip_175x_6x/libs/libusbd_175x_6x_lib.a(mw_usbd_hiduser.o)
                0x00004f16                mwHID_SetProtocol
 .text.mwHID_ep0_hdlr
                0x00004f30      0x188 /home/juan/LPCXpresso/workspace/lpc_chip_175x_6x/libs/libusbd_175x_6x_lib.a(mw_usbd_hiduser.o)
                0x00004f30                mwHID_ep0_hdlr
 .text.mwHID_GetMemSize
                0x000050b8        0x8 /home/juan/LPCXpresso/workspace/lpc_chip_175x_6x/libs/libusbd_175x_6x_lib.a(mw_usbd_hiduser.o)
                0x000050b8                mwHID_GetMemSize
 .text.mwHID_init
                0x000050c0      0x174 /home/juan/LPCXpresso/workspace/lpc_chip_175x_6x/libs/libusbd_175x_6x_lib.a(mw_usbd_hiduser.o)
                0x000050c0                mwHID_init
 .text.__main   0x00005234       0x14 /usr/local/lpcxpresso_8.0.0_526/lpcxpresso/tools/bin/../lib/gcc/arm-none-eabi/4.9.3/../../../../arm-none-eabi/lib/armv7-m/libcr_nohost.a(_cr__main.o)
                0x00005234                __main
 .text.memcpy   0x00005248        0x4 /usr/local/lpcxpresso_8.0.0_526/lpcxpresso/tools/bin/../lib/gcc/arm-none-eabi/4.9.3/../../../../arm-none-eabi/lib/armv7-m/libcr_c.a(memcpy.o)
                0x00005248                memcpy
 .text.memset   0x0000524c        0x4 /usr/local/lpcxpresso_8.0.0_526/lpcxpresso/tools/bin/../lib/gcc/arm-none-eabi/4.9.3/../../../../arm-none-eabi/lib/armv7-m/libcr_c.a(memset.o)
                0x0000524c                memset
 .text.malloc   0x00005250       0xcc /usr/local/lpcxpresso_8.0.0_526/lpcxpresso/tools/bin/../lib/gcc/arm-none-eabi/4.9.3/../../../../arm-none-eabi/lib/armv7-m/libcr_c.a(alloc.o)
                0x00005250                malloc
 .text.free     0x0000531c       0x30 /usr/local/lpcxpresso_8.0.0_526/lpcxpresso/tools/bin/../lib/gcc/arm-none-eabi/4.9.3/../../../../arm-none-eabi/lib/armv7-m/libcr_c.a(alloc.o)
                0x0000531c                free
 .text._Csys_alloc
                0x0000534c       0x20 /usr/local/lpcxpresso_8.0.0_526/lpcxpresso/tools/bin/../lib/gcc/arm-none-eabi/4.9.3/../../../../arm-none-eabi/lib/armv7-m/libcr_c.a(alloc.o)
                0x0000534c                _Csys_alloc
 .text._initio  0x0000536c       0xa4 /usr/local/lpcxpresso_8.0.0_526/lpcxpresso/tools/bin/../lib/gcc/arm-none-eabi/4.9.3/../../../../arm-none-eabi/lib/armv7-m/libcr_c.a(initio.o)
                0x0000536c                _initio
 .text.setvbuf  0x00005410       0x40 /usr/local/lpcxpresso_8.0.0_526/lpcxpresso/tools/bin/../lib/gcc/arm-none-eabi/4.9.3/../../../../arm-none-eabi/lib/armv7-m/libcr_c.a(setvbuf.o)
                0x00005410                setvbuf
 .text._sbrk    0x00005450       0x40 /usr/local/lpcxpresso_8.0.0_526/lpcxpresso/tools/bin/../lib/gcc/arm-none-eabi/4.9.3/../../../../arm-none-eabi/lib/armv7-m/libcr_c.a(_cr_sbrk.o)
                0x00005450                _sbrk
 .text._deferredlazyseek
                0x00005490       0x44 /usr/local/lpcxpresso_8.0.0_526/lpcxpresso/tools/bin/../lib/gcc/arm-none-eabi/4.9.3/../../../../arm-none-eabi/lib/armv7-m/libcr_c.a(_deferredlazyseek.o)
                0x00005490                _deferredlazyseek
 .text._fdopen  0x000054d4       0x6a /usr/local/lpcxpresso_8.0.0_526/lpcxpresso/tools/bin/../lib/gcc/arm-none-eabi/4.9.3/../../../../arm-none-eabi/lib/armv7-m/libcr_c.a(_fdopen.o)
                0x000054d4                _fdopen
 .text._fflush  0x0000553e       0x58 /usr/local/lpcxpresso_8.0.0_526/lpcxpresso/tools/bin/../lib/gcc/arm-none-eabi/4.9.3/../../../../arm-none-eabi/lib/armv7-m/libcr_c.a(_fflush.o)
                0x0000553e                _fflush
 *fill*         0x00005596        0x2 
 .text._Cwritebuf
                0x00005598       0x68 /usr/local/lpcxpresso_8.0.0_526/lpcxpresso/tools/bin/../lib/gcc/arm-none-eabi/4.9.3/../../../../arm-none-eabi/lib/armv7-m/libcr_c.a(_writebuf.o)
                0x00005598                _Cwritebuf
 .text.fclose   0x00005600       0x6c /usr/local/lpcxpresso_8.0.0_526/lpcxpresso/tools/bin/../lib/gcc/arm-none-eabi/4.9.3/../../../../arm-none-eabi/lib/armv7-m/libcr_c.a(fclose.o)
                0x00005600                fclose
 .text.fflush   0x0000566c       0x30 /usr/local/lpcxpresso_8.0.0_526/lpcxpresso/tools/bin/../lib/gcc/arm-none-eabi/4.9.3/../../../../arm-none-eabi/lib/armv7-m/libcr_c.a(fflush.o)
                0x0000566c                fflush
 .text.fseek    0x0000569c      0x110 /usr/local/lpcxpresso_8.0.0_526/lpcxpresso/tools/bin/../lib/gcc/arm-none-eabi/4.9.3/../../../../arm-none-eabi/lib/armv7-m/libcr_c.a(fseek.o)
                0x0000569c                fseek
 .text.ftell    0x000057ac       0x4c /usr/local/lpcxpresso_8.0.0_526/lpcxpresso/tools/bin/../lib/gcc/arm-none-eabi/4.9.3/../../../../arm-none-eabi/lib/armv7-m/libcr_c.a(ftell.o)
                0x000057ac                ftell
 .text.remove   0x000057f8       0x14 /usr/local/lpcxpresso_8.0.0_526/lpcxpresso/tools/bin/../lib/gcc/arm-none-eabi/4.9.3/../../../../arm-none-eabi/lib/armv7-m/libcr_c.a(remove.o)
                0x000057f8                remove
 .text.strlen   0x0000580c       0x4a /usr/local/lpcxpresso_8.0.0_526/lpcxpresso/tools/bin/../lib/gcc/arm-none-eabi/4.9.3/../../../../arm-none-eabi/lib/armv7-m/libcr_c.a(strlen.o)
                0x0000580c                strlen
 *fill*         0x00005856        0x2 
 .text.__check_heap_overflow
                0x00005858       0x18 /usr/local/lpcxpresso_8.0.0_526/lpcxpresso/tools/bin/../lib/gcc/arm-none-eabi/4.9.3/../../../../arm-none-eabi/lib/armv7-m/libcr_c.a(_cr_check_heap.o)
                0x00005858                __check_heap_overflow
 .text._do_fflush
                0x00005870       0x44 /usr/local/lpcxpresso_8.0.0_526/lpcxpresso/tools/bin/../lib/gcc/arm-none-eabi/4.9.3/../../../../arm-none-eabi/lib/armv7-m/libcr_c.a(_do_fflush.o)
                0x00005870                _do_fflush
 .text.__aeabi_memcpy
                0x000058b4       0x34 /usr/local/lpcxpresso_8.0.0_526/lpcxpresso/tools/bin/../lib/gcc/arm-none-eabi/4.9.3/armv7-m/libcr_eabihelpers.a(memcpy.o)
                0x000058b4                __aeabi_memcpy
                0x000058be                __aeabi_memcpy4
                0x000058be                __aeabi_memcpy8
 .text.__aeabi_memset_lowlevel
                0x000058e8       0x32 /usr/local/lpcxpresso_8.0.0_526/lpcxpresso/tools/bin/../lib/gcc/arm-none-eabi/4.9.3/armv7-m/libcr_eabihelpers.a(memcpy.o)
                0x000058e8                __aeabi_lowlevel_memset
 .text.__sys_appexit
                0x0000591a        0x2 /usr/local/lpcxpresso_8.0.0_526/lpcxpresso/tools/bin/../lib/gcc/arm-none-eabi/4.9.3/../../../../arm-none-eabi/lib/armv7-m/libcr_nohost.a(__sys_appexit.o)
                0x0000591a                __exit
                0x0000591a                __sys_appexit
 .text.__sys_close
                0x0000591c        0x6 /usr/local/lpcxpresso_8.0.0_526/lpcxpresso/tools/bin/../lib/gcc/arm-none-eabi/4.9.3/../../../../arm-none-eabi/lib/armv7-m/libcr_nohost.a(__sys_close.o)
                0x0000591c                __sys_close
 .text.__sys_flen
                0x00005922        0x6 /usr/local/lpcxpresso_8.0.0_526/lpcxpresso/tools/bin/../lib/gcc/arm-none-eabi/4.9.3/../../../../arm-none-eabi/lib/armv7-m/libcr_nohost.a(__sys_flen.o)
                0x00005922                __sys_flen
 .text.__sys_istty
                0x00005928        0x6 /usr/local/lpcxpresso_8.0.0_526/lpcxpresso/tools/bin/../lib/gcc/arm-none-eabi/4.9.3/../../../../arm-none-eabi/lib/armv7-m/libcr_nohost.a(__sys_istty.o)
                0x00005928                __sys_istty
 .text.__sys_remove
                0x0000592e        0x6 /usr/local/lpcxpresso_8.0.0_526/lpcxpresso/tools/bin/../lib/gcc/arm-none-eabi/4.9.3/../../../../arm-none-eabi/lib/armv7-m/libcr_nohost.a(__sys_remove.o)
                0x0000592e                __sys_remove
 .text.__sys_seek
                0x00005934        0x6 /usr/local/lpcxpresso_8.0.0_526/lpcxpresso/tools/bin/../lib/gcc/arm-none-eabi/4.9.3/../../../../arm-none-eabi/lib/armv7-m/libcr_nohost.a(__sys_seek.o)
                0x00005934                __sys_seek
 .text.__sys_tmpnam
                0x0000593a        0x6 /usr/local/lpcxpresso_8.0.0_526/lpcxpresso/tools/bin/../lib/gcc/arm-none-eabi/4.9.3/../../../../arm-none-eabi/lib/armv7-m/libcr_nohost.a(__sys_tmpnam.o)
                0x0000593a                __sys_tmpnam
 *(.rodata .rodata.* .constdata .constdata.*)
 .rodata        0x00005940        0x5 ./freertos/src/tasks.o
 *fill*         0x00005945        0x3 
 .rodata.HID_ReportDescriptor
                0x00005948       0x21 ./example/src/hid_desc.o
                0x00005948                HID_ReportDescriptor
 *fill*         0x00005969        0x1 
 .rodata.HID_ReportDescSize
                0x0000596a        0x2 ./example/src/hid_desc.o
                0x0000596a                HID_ReportDescSize
 .rodata.USB_DeviceDescriptor
                0x0000596c       0x12 ./example/src/hid_desc.o
                0x0000596c                USB_DeviceDescriptor
 *fill*         0x0000597e        0x2 
 .rodata.USB_StringDescriptor
                0x00005980       0x68 ./example/src/hid_desc.o
                0x00005980                USB_StringDescriptor
 .rodata.g_usbApi
                0x000059e8       0x20 ./example/src/init_usb.o
 .rodata        0x00005a08       0x64 ./example/src/main.o
 .rodata.OscRateIn
                0x00005a6c        0x4 /home/juan/LPCXpresso/workspace/lpc_board_nxp_lpcxpresso_1769/Debug/liblpc_board_nxp_lpcxpresso_1769.a(board.o)
                0x00005a6c                OscRateIn
 .rodata.RTCOscRateIn
                0x00005a70        0x4 /home/juan/LPCXpresso/workspace/lpc_board_nxp_lpcxpresso_1769/Debug/liblpc_board_nxp_lpcxpresso_1769.a(board.o)
                0x00005a70                RTCOscRateIn
 .rodata.pinmuxing
                0x00005a74       0x5c /home/juan/LPCXpresso/workspace/lpc_board_nxp_lpcxpresso_1769/Debug/liblpc_board_nxp_lpcxpresso_1769.a(board_sysinit.o)
 .rodata.hw_api
                0x00005ad0       0x5c /home/juan/LPCXpresso/workspace/lpc_chip_175x_6x/libs/libusbd_175x_6x_lib.a(mw_usbd_rom_api.o)
                0x00005ad0                hw_api
 .rodata.core_api
                0x00005b2c       0x20 /home/juan/LPCXpresso/workspace/lpc_chip_175x_6x/libs/libusbd_175x_6x_lib.a(mw_usbd_rom_api.o)
                0x00005b2c                core_api
 .rodata.hid_api
                0x00005b4c        0x8 /home/juan/LPCXpresso/workspace/lpc_chip_175x_6x/libs/libusbd_175x_6x_lib.a(mw_usbd_rom_api.o)
                0x00005b4c                hid_api
 .rodata.str1.1
                0x00005b54       0x18 /usr/local/lpcxpresso_8.0.0_526/lpcxpresso/tools/bin/../lib/gcc/arm-none-eabi/4.9.3/../../../../arm-none-eabi/lib/armv7-m/libcr_c.a(alloc.o)
 .rodata.str1.1
                0x00005b6c        0x4 /usr/local/lpcxpresso_8.0.0_526/lpcxpresso/tools/bin/../lib/gcc/arm-none-eabi/4.9.3/../../../../arm-none-eabi/lib/armv7-m/libcr_c.a(initio.o)
                0x00005b70                . = ALIGN (0x4)

.glue_7         0x00005b70        0x0
 .glue_7        0x00000000        0x0 linker stubs

.glue_7t        0x00005b70        0x0
 .glue_7t       0x00000000        0x0 linker stubs

.vfp11_veneer   0x00005b70        0x0
 .vfp11_veneer  0x00000000        0x0 linker stubs

.v4_bx          0x00005b70        0x0
 .v4_bx         0x00000000        0x0 linker stubs

.iplt           0x00005b70        0x0
 .iplt          0x00000000        0x0 ./freertos/src/FreeRTOSCommonHooks.o

.rel.dyn        0x00005b70        0x0
 .rel.iplt      0x00000000        0x0 ./freertos/src/FreeRTOSCommonHooks.o

.ARM.extab
 *(.ARM.extab* .gnu.linkonce.armextab.*)
                0x00005b70                __exidx_start = .

.ARM.exidx
 *(.ARM.exidx* .gnu.linkonce.armexidx.*)
                0x00005b70                __exidx_end = .
                0x00005b70                _etext = .

.data_RAM2      0x2007c000        0x0 load address 0x00005b70
 FILL mask 0xff
                0x2007c000                PROVIDE (__start_data_RAM2, .)
 *(.ramfunc.$RAM2)
 *(.ramfunc.$RamAHB32)
 *(.data.$RAM2*)
 *(.data.$RamAHB32*)
                0x2007c000                . = ALIGN (0x4)
                0x2007c000                PROVIDE (__end_data_RAM2, .)

.uninit_RESERVED
                0x10000000        0x0
 *(.bss.$RESERVED*)
                0x10000000                . = ALIGN (0x4)
                0x10000000                _end_uninit_RESERVED = .

.data           0x10000000       0x3c load address 0x00005b70
 FILL mask 0xff
                0x10000000                _data = .
 *(vtable)
 *(.ramfunc*)
 *(.data*)
 .data.uxCriticalNesting
                0x10000000        0x4 ./freertos/src/port.o
 .data.xNextTaskUnblockTime
                0x10000004        0x4 ./freertos/src/tasks.o
 .data.USB_FsConfigDescriptor
                0x10000008       0x2a ./example/src/hid_desc.o
                0x10000008                USB_FsConfigDescriptor
 .data.temp_actual.8742
                0x10000032        0x2 ./example/src/hid_generic.o
 .data.hum_actual.8743
                0x10000034        0x2 ./example/src/hid_generic.o
 *fill*         0x10000036        0x2 
 .data.g_pUsbApi
                0x10000038        0x4 ./example/src/init_usb.o
                0x10000038                g_pUsbApi
                0x1000003c                . = ALIGN (0x4)
                0x1000003c                _edata = .

.igot.plt       0x1000003c        0x0 load address 0x00005bac
 .igot.plt      0x00000000        0x0 ./freertos/src/FreeRTOSCommonHooks.o

.bss_RAM2       0x2007c000        0x0
                0x2007c000                PROVIDE (__start_bss_RAM2, .)
 *(.bss.$RAM2*)
 *(.bss.$RamAHB32*)
                0x2007c000                . = ALIGN ((. != 0x0)?0x4:0x1)
                0x2007c000                PROVIDE (__end_bss_RAM2, .)

.bss            0x1000003c      0x35c
                0x1000003c                _bss = .
 *(.bss*)
 .bss.ulTimerCountsForOneTick
                0x1000003c        0x4 ./freertos/src/port.o
 .bss.xMaximumPossibleSuppressedTicks
                0x10000040        0x4 ./freertos/src/port.o
 .bss.ulStoppedTimerCompensation
                0x10000044        0x4 ./freertos/src/port.o
 .bss.pxCurrentTCB
                0x10000048        0x4 ./freertos/src/tasks.o
                0x10000048                pxCurrentTCB
 .bss.pxReadyTasksLists
                0x1000004c       0xa0 ./freertos/src/tasks.o
 .bss.xDelayedTaskList1
                0x100000ec       0x14 ./freertos/src/tasks.o
 .bss.xDelayedTaskList2
                0x10000100       0x14 ./freertos/src/tasks.o
 .bss.pxDelayedTaskList
                0x10000114        0x4 ./freertos/src/tasks.o
 .bss.pxOverflowDelayedTaskList
                0x10000118        0x4 ./freertos/src/tasks.o
 .bss.xPendingReadyList
                0x1000011c       0x14 ./freertos/src/tasks.o
 .bss.xTasksWaitingTermination
                0x10000130       0x14 ./freertos/src/tasks.o
 .bss.uxTasksDeleted
                0x10000144        0x4 ./freertos/src/tasks.o
 .bss.xSuspendedTaskList
                0x10000148       0x14 ./freertos/src/tasks.o
 .bss.uxCurrentNumberOfTasks
                0x1000015c        0x4 ./freertos/src/tasks.o
 .bss.xTickCount
                0x10000160        0x4 ./freertos/src/tasks.o
 .bss.uxTopReadyPriority
                0x10000164        0x4 ./freertos/src/tasks.o
 .bss.xSchedulerRunning
                0x10000168        0x4 ./freertos/src/tasks.o
 .bss.uxSchedulerSuspended
                0x1000016c        0x4 ./freertos/src/tasks.o
 .bss.uxPendedTicks
                0x10000170        0x4 ./freertos/src/tasks.o
 .bss.xYieldPending
                0x10000174        0x4 ./freertos/src/tasks.o
 .bss.xNumOfOverflows
                0x10000178        0x4 ./freertos/src/tasks.o
 .bss.uxTaskNumber
                0x1000017c        0x4 ./freertos/src/tasks.o
 .bss.loopback_report
                0x10000180        0x4 ./example/src/hid_generic.o
 .bss.valor_rec_usb.8738
                0x10000184        0x1 ./example/src/hid_generic.o
 .bss.estado.8739
                0x10000185        0x1 ./example/src/hid_generic.o
 .bss.rpm_actual.8740
                0x10000186        0x2 ./example/src/hid_generic.o
 .bss.nivel_actual.8741
                0x10000188        0x2 ./example/src/hid_generic.o
 *fill*         0x1000018a        0x2 
 .bss.g_hUsb    0x1000018c        0x4 ./example/src/init_usb.o
 .bss.txring    0x10000190       0x14 ./example/src/main.o
 .bss.rxring    0x100001a4       0x14 ./example/src/main.o
 .bss.rxbuff    0x100001b8       0x20 ./example/src/main.o
 .bss.txbuff    0x100001d8       0x20 ./example/src/main.o
 .bss.ABsyncSts
                0x100001f8        0x1 /home/juan/LPCXpresso/workspace/lpc_chip_175x_6x/Debug/liblpc_chip_175x_6x.a(uart_17xx_40xx.o)
 *fill*         0x100001f9        0x3 
 .bss.errno     0x100001fc        0x4 /usr/local/lpcxpresso_8.0.0_526/lpcxpresso/tools/bin/../lib/gcc/arm-none-eabi/4.9.3/../../../../arm-none-eabi/lib/armv7-m/libcr_c.a(errno.o)
                0x100001fc                errno
 *(COMMON)
 COMMON         0x10000200       0x48 ./example/src/Inic_placa1.o
                0x10000200                sem_mach1_timer3
                0x10000204                VENCIOTimeout
                0x10000208                Sem_env
                0x1000020c                sem_procDatos
                0x10000210                sem_encuesto_escalvo1
                0x10000214                set_rpm
                0x10000218                actual_nivel
                0x1000021c                actual_temp
                0x10000220                tx_uart
                0x10000224                bomba
                0x10000228                sem_encuesto_escalvo2
                0x1000022c                actual_rpm
                0x10000230                sem_timeOUT
                0x10000234                rx_uart
                0x10000238                motor
                0x1000023c                actual_hum
                0x10000240                set_nivel
                0x10000244                Sem_rec
 COMMON         0x10000248        0x4 /home/juan/LPCXpresso/workspace/lpc_chip_175x_6x/Debug/liblpc_chip_175x_6x.a(chip_17xx_40xx.o)
                0x10000248                SystemCoreClock
 COMMON         0x1000024c        0x4 /usr/local/lpcxpresso_8.0.0_526/lpcxpresso/tools/bin/../lib/gcc/arm-none-eabi/4.9.3/../../../../arm-none-eabi/lib/armv7-m/libcr_c.a(initio.o)
                0x1000024c                _extra
 COMMON         0x10000250      0x140 /usr/local/lpcxpresso_8.0.0_526/lpcxpresso/tools/bin/../lib/gcc/arm-none-eabi/4.9.3/../../../../arm-none-eabi/lib/armv7-m/libcr_c.a(stdio.o)
                0x10000250                __Ciob
 COMMON         0x10000390        0x8 /usr/local/lpcxpresso_8.0.0_526/lpcxpresso/tools/bin/../lib/gcc/arm-none-eabi/4.9.3/../../../../arm-none-eabi/lib/armv7-m/libcr_c.a(__init_alloc.o)
                0x10000390                __heaps
                0x10000394                __end_of_heap
                0x10000398                . = ALIGN (0x4)
                0x10000398                _ebss = .
                0x10000398                PROVIDE (end, .)

.noinit_RAM2    0x2007c000        0x0
 *(.noinit.$RAM2*)
 *(.noinit.$RamAHB32*)
                0x2007c000                . = ALIGN (0x4)

.noinit         0x10000398        0x0
                0x10000398                _noinit = .
 *(.noinit*)
                0x10000398                . = ALIGN (0x4)
                0x10000398                _end_noinit = .
                0x10000398                PROVIDE (_pvHeapStart, DEFINED (__user_heap_base)?__user_heap_base:.)
                0x10008000                PROVIDE (_vStackTop, DEFINED (__user_stack_top)?__user_stack_top:(__top_RamLoc32 - 0x0))
                0xefff74b2                PROVIDE (__valid_user_code_checksum, (0x0 - ((((((_vStackTop + (ResetISR + 0x1)) + (NMI_Handler + 0x1)) + (HardFault_Handler + 0x1)) + (DEFINED (MemManage_Handler)?MemManage_Handler:0x0 + 0x1)) + (DEFINED (BusFault_Handler)?BusFault_Handler:0x0 + 0x1)) + (DEFINED (UsageFault_Handler)?UsageFault_Handler:0x0 + 0x1))))
OUTPUT(Master_v7.axf elf32-littlearm)

.debug_info     0x00000000    0x12b3e
 .debug_info    0x00000000      0x1be ./freertos/src/FreeRTOSCommonHooks.o
 .debug_info    0x000001be      0x134 ./freertos/src/heap_3.o
 .debug_info    0x000002f2      0x2cf ./freertos/src/list.o
 .debug_info    0x000005c1      0x3c4 ./freertos/src/port.o
 .debug_info    0x00000985      0xbc4 ./freertos/src/queue.o
 .debug_info    0x00001549     0x11e3 ./freertos/src/tasks.o
 .debug_info    0x0000272c      0xabe ./example/src/Inic_placa1.o
 .debug_info    0x000031ea      0x24b ./example/src/cr_startup_lpc175x_6x.o
 .debug_info    0x00003435      0x135 ./example/src/hid_desc.o
 .debug_info    0x0000356a     0x1c74 ./example/src/hid_generic.o
 .debug_info    0x000051de     0x197e ./example/src/init_usb.o
 .debug_info    0x00006b5c     0x101c ./example/src/main.o
 .debug_info    0x00007b78      0x110 ./example/src/sysinit.o
 .debug_info    0x00007c88     0x1392 /home/juan/LPCXpresso/workspace/lpc_board_nxp_lpcxpresso_1769/Debug/liblpc_board_nxp_lpcxpresso_1769.a(board.o)
 .debug_info    0x0000901a      0x558 /home/juan/LPCXpresso/workspace/lpc_board_nxp_lpcxpresso_1769/Debug/liblpc_board_nxp_lpcxpresso_1769.a(board_sysinit.o)
 .debug_info    0x00009572      0x50a /home/juan/LPCXpresso/workspace/lpc_chip_175x_6x/Debug/liblpc_chip_175x_6x.a(chip_17xx_40xx.o)
 .debug_info    0x00009a7c      0xb46 /home/juan/LPCXpresso/workspace/lpc_chip_175x_6x/Debug/liblpc_chip_175x_6x.a(clock_17xx_40xx.o)
 .debug_info    0x0000a5c2      0x2d9 /home/juan/LPCXpresso/workspace/lpc_chip_175x_6x/Debug/liblpc_chip_175x_6x.a(iocon_17xx_40xx.o)
 .debug_info    0x0000a89b      0x344 /home/juan/LPCXpresso/workspace/lpc_chip_175x_6x/Debug/liblpc_chip_175x_6x.a(ring_buffer.o)
 .debug_info    0x0000abdf      0x431 /home/juan/LPCXpresso/workspace/lpc_chip_175x_6x/Debug/liblpc_chip_175x_6x.a(sysinit_17xx_40xx.o)
 .debug_info    0x0000b010      0x3ec /home/juan/LPCXpresso/workspace/lpc_chip_175x_6x/Debug/liblpc_chip_175x_6x.a(timer_17xx_40xx.o)
 .debug_info    0x0000b3fc      0xeb9 /home/juan/LPCXpresso/workspace/lpc_chip_175x_6x/Debug/liblpc_chip_175x_6x.a(uart_17xx_40xx.o)
 .debug_info    0x0000c2b5     0x14f8 /home/juan/LPCXpresso/workspace/lpc_chip_175x_6x/libs/libusbd_175x_6x_lib.a(mw_usbd_rom_api.o)
 .debug_info    0x0000d7ad     0x1f77 /home/juan/LPCXpresso/workspace/lpc_chip_175x_6x/libs/libusbd_175x_6x_lib.a(hw_usbd_ip3503.o)
 .debug_info    0x0000f724     0x1f80 /home/juan/LPCXpresso/workspace/lpc_chip_175x_6x/libs/libusbd_175x_6x_lib.a(mw_usbd_core.o)
 .debug_info    0x000116a4     0x149a /home/juan/LPCXpresso/workspace/lpc_chip_175x_6x/libs/libusbd_175x_6x_lib.a(mw_usbd_hiduser.o)

.debug_abbrev   0x00000000     0x3146
 .debug_abbrev  0x00000000      0x127 ./freertos/src/FreeRTOSCommonHooks.o
 .debug_abbrev  0x00000127       0xd4 ./freertos/src/heap_3.o
 .debug_abbrev  0x000001fb       0xec ./freertos/src/list.o
 .debug_abbrev  0x000002e7      0x1dd ./freertos/src/port.o
 .debug_abbrev  0x000004c4      0x204 ./freertos/src/queue.o
 .debug_abbrev  0x000006c8      0x244 ./freertos/src/tasks.o
 .debug_abbrev  0x0000090c      0x1f1 ./example/src/Inic_placa1.o
 .debug_abbrev  0x00000afd       0xf5 ./example/src/cr_startup_lpc175x_6x.o
 .debug_abbrev  0x00000bf2       0x60 ./example/src/hid_desc.o
 .debug_abbrev  0x00000c52      0x236 ./example/src/hid_generic.o
 .debug_abbrev  0x00000e88      0x264 ./example/src/init_usb.o
 .debug_abbrev  0x000010ec      0x2c0 ./example/src/main.o
 .debug_abbrev  0x000013ac       0xa3 ./example/src/sysinit.o
 .debug_abbrev  0x0000144f      0x373 /home/juan/LPCXpresso/workspace/lpc_board_nxp_lpcxpresso_1769/Debug/liblpc_board_nxp_lpcxpresso_1769.a(board.o)
 .debug_abbrev  0x000017c2      0x15a /home/juan/LPCXpresso/workspace/lpc_board_nxp_lpcxpresso_1769/Debug/liblpc_board_nxp_lpcxpresso_1769.a(board_sysinit.o)
 .debug_abbrev  0x0000191c      0x138 /home/juan/LPCXpresso/workspace/lpc_chip_175x_6x/Debug/liblpc_chip_175x_6x.a(chip_17xx_40xx.o)
 .debug_abbrev  0x00001a54      0x2e4 /home/juan/LPCXpresso/workspace/lpc_chip_175x_6x/Debug/liblpc_chip_175x_6x.a(clock_17xx_40xx.o)
 .debug_abbrev  0x00001d38      0x126 /home/juan/LPCXpresso/workspace/lpc_chip_175x_6x/Debug/liblpc_chip_175x_6x.a(iocon_17xx_40xx.o)
 .debug_abbrev  0x00001e5e      0x12d /home/juan/LPCXpresso/workspace/lpc_chip_175x_6x/Debug/liblpc_chip_175x_6x.a(ring_buffer.o)
 .debug_abbrev  0x00001f8b      0x171 /home/juan/LPCXpresso/workspace/lpc_chip_175x_6x/Debug/liblpc_chip_175x_6x.a(sysinit_17xx_40xx.o)
 .debug_abbrev  0x000020fc      0x15f /home/juan/LPCXpresso/workspace/lpc_chip_175x_6x/Debug/liblpc_chip_175x_6x.a(timer_17xx_40xx.o)
 .debug_abbrev  0x0000225b      0x2e2 /home/juan/LPCXpresso/workspace/lpc_chip_175x_6x/Debug/liblpc_chip_175x_6x.a(uart_17xx_40xx.o)
 .debug_abbrev  0x0000253d      0x143 /home/juan/LPCXpresso/workspace/lpc_chip_175x_6x/libs/libusbd_175x_6x_lib.a(mw_usbd_rom_api.o)
 .debug_abbrev  0x00002680      0x3b8 /home/juan/LPCXpresso/workspace/lpc_chip_175x_6x/libs/libusbd_175x_6x_lib.a(hw_usbd_ip3503.o)
 .debug_abbrev  0x00002a38      0x3f6 /home/juan/LPCXpresso/workspace/lpc_chip_175x_6x/libs/libusbd_175x_6x_lib.a(mw_usbd_core.o)
 .debug_abbrev  0x00002e2e      0x318 /home/juan/LPCXpresso/workspace/lpc_chip_175x_6x/libs/libusbd_175x_6x_lib.a(mw_usbd_hiduser.o)

.debug_aranges  0x00000000      0xdd8
 .debug_aranges
                0x00000000       0x40 ./freertos/src/FreeRTOSCommonHooks.o
 .debug_aranges
                0x00000040       0x28 ./freertos/src/heap_3.o
 .debug_aranges
                0x00000068       0x40 ./freertos/src/list.o
 .debug_aranges
                0x000000a8       0x90 ./freertos/src/port.o
 .debug_aranges
                0x00000138       0xf0 ./freertos/src/queue.o
 .debug_aranges
                0x00000228      0x170 ./freertos/src/tasks.o
 .debug_aranges
                0x00000398       0x80 ./example/src/Inic_placa1.o
 .debug_aranges
                0x00000418       0x80 ./example/src/cr_startup_lpc175x_6x.o
 .debug_aranges
                0x00000498       0x18 ./example/src/hid_desc.o
 .debug_aranges
                0x000004b0       0x38 ./example/src/hid_generic.o
 .debug_aranges
                0x000004e8       0x40 ./example/src/init_usb.o
 .debug_aranges
                0x00000528       0xe8 ./example/src/main.o
 .debug_aranges
                0x00000610       0x20 ./example/src/sysinit.o
 .debug_aranges
                0x00000630      0x160 /home/juan/LPCXpresso/workspace/lpc_board_nxp_lpcxpresso_1769/Debug/liblpc_board_nxp_lpcxpresso_1769.a(board.o)
 .debug_aranges
                0x00000790       0x38 /home/juan/LPCXpresso/workspace/lpc_board_nxp_lpcxpresso_1769/Debug/liblpc_board_nxp_lpcxpresso_1769.a(board_sysinit.o)
 .debug_aranges
                0x000007c8       0x38 /home/juan/LPCXpresso/workspace/lpc_chip_175x_6x/Debug/liblpc_chip_175x_6x.a(chip_17xx_40xx.o)
 .debug_aranges
                0x00000800      0x120 /home/juan/LPCXpresso/workspace/lpc_chip_175x_6x/Debug/liblpc_chip_175x_6x.a(clock_17xx_40xx.o)
 .debug_aranges
                0x00000920       0x30 /home/juan/LPCXpresso/workspace/lpc_chip_175x_6x/Debug/liblpc_chip_175x_6x.a(iocon_17xx_40xx.o)
 .debug_aranges
                0x00000950       0x60 /home/juan/LPCXpresso/workspace/lpc_chip_175x_6x/Debug/liblpc_chip_175x_6x.a(ring_buffer.o)
 .debug_aranges
                0x000009b0       0x60 /home/juan/LPCXpresso/workspace/lpc_chip_175x_6x/Debug/liblpc_chip_175x_6x.a(sysinit_17xx_40xx.o)
 .debug_aranges
                0x00000a10       0x40 /home/juan/LPCXpresso/workspace/lpc_chip_175x_6x/Debug/liblpc_chip_175x_6x.a(timer_17xx_40xx.o)
 .debug_aranges
                0x00000a50      0x128 /home/juan/LPCXpresso/workspace/lpc_chip_175x_6x/Debug/liblpc_chip_175x_6x.a(uart_17xx_40xx.o)
 .debug_aranges
                0x00000b78       0x18 /home/juan/LPCXpresso/workspace/lpc_chip_175x_6x/libs/libusbd_175x_6x_lib.a(mw_usbd_rom_api.o)
 .debug_aranges
                0x00000b90      0x118 /home/juan/LPCXpresso/workspace/lpc_chip_175x_6x/libs/libusbd_175x_6x_lib.a(hw_usbd_ip3503.o)
 .debug_aranges
                0x00000ca8       0xd8 /home/juan/LPCXpresso/workspace/lpc_chip_175x_6x/libs/libusbd_175x_6x_lib.a(mw_usbd_core.o)
 .debug_aranges
                0x00000d80       0x58 /home/juan/LPCXpresso/workspace/lpc_chip_175x_6x/libs/libusbd_175x_6x_lib.a(mw_usbd_hiduser.o)

.debug_ranges   0x00000000      0xc40
 .debug_ranges  0x00000000       0x30 ./freertos/src/FreeRTOSCommonHooks.o
 .debug_ranges  0x00000030       0x18 ./freertos/src/heap_3.o
 .debug_ranges  0x00000048       0x30 ./freertos/src/list.o
 .debug_ranges  0x00000078       0x80 ./freertos/src/port.o
 .debug_ranges  0x000000f8       0xe0 ./freertos/src/queue.o
 .debug_ranges  0x000001d8      0x160 ./freertos/src/tasks.o
 .debug_ranges  0x00000338       0x70 ./example/src/Inic_placa1.o
 .debug_ranges  0x000003a8       0x70 ./example/src/cr_startup_lpc175x_6x.o
 .debug_ranges  0x00000418       0x28 ./example/src/hid_generic.o
 .debug_ranges  0x00000440       0x30 ./example/src/init_usb.o
 .debug_ranges  0x00000470       0xd8 ./example/src/main.o
 .debug_ranges  0x00000548       0x10 ./example/src/sysinit.o
 .debug_ranges  0x00000558      0x150 /home/juan/LPCXpresso/workspace/lpc_board_nxp_lpcxpresso_1769/Debug/liblpc_board_nxp_lpcxpresso_1769.a(board.o)
 .debug_ranges  0x000006a8       0x28 /home/juan/LPCXpresso/workspace/lpc_board_nxp_lpcxpresso_1769/Debug/liblpc_board_nxp_lpcxpresso_1769.a(board_sysinit.o)
 .debug_ranges  0x000006d0       0x28 /home/juan/LPCXpresso/workspace/lpc_chip_175x_6x/Debug/liblpc_chip_175x_6x.a(chip_17xx_40xx.o)
 .debug_ranges  0x000006f8      0x110 /home/juan/LPCXpresso/workspace/lpc_chip_175x_6x/Debug/liblpc_chip_175x_6x.a(clock_17xx_40xx.o)
 .debug_ranges  0x00000808       0x20 /home/juan/LPCXpresso/workspace/lpc_chip_175x_6x/Debug/liblpc_chip_175x_6x.a(iocon_17xx_40xx.o)
 .debug_ranges  0x00000828       0x50 /home/juan/LPCXpresso/workspace/lpc_chip_175x_6x/Debug/liblpc_chip_175x_6x.a(ring_buffer.o)
 .debug_ranges  0x00000878       0x50 /home/juan/LPCXpresso/workspace/lpc_chip_175x_6x/Debug/liblpc_chip_175x_6x.a(sysinit_17xx_40xx.o)
 .debug_ranges  0x000008c8       0x30 /home/juan/LPCXpresso/workspace/lpc_chip_175x_6x/Debug/liblpc_chip_175x_6x.a(timer_17xx_40xx.o)
 .debug_ranges  0x000008f8      0x118 /home/juan/LPCXpresso/workspace/lpc_chip_175x_6x/Debug/liblpc_chip_175x_6x.a(uart_17xx_40xx.o)
 .debug_ranges  0x00000a10      0x108 /home/juan/LPCXpresso/workspace/lpc_chip_175x_6x/libs/libusbd_175x_6x_lib.a(hw_usbd_ip3503.o)
 .debug_ranges  0x00000b18       0xe0 /home/juan/LPCXpresso/workspace/lpc_chip_175x_6x/libs/libusbd_175x_6x_lib.a(mw_usbd_core.o)
 .debug_ranges  0x00000bf8       0x48 /home/juan/LPCXpresso/workspace/lpc_chip_175x_6x/libs/libusbd_175x_6x_lib.a(mw_usbd_hiduser.o)

.debug_macro    0x00000000     0x7f14
 .debug_macro   0x00000000      0x252 ./freertos/src/FreeRTOSCommonHooks.o
 .debug_macro   0x00000252      0x874 ./freertos/src/FreeRTOSCommonHooks.o
 .debug_macro   0x00000ac6       0x10 ./freertos/src/FreeRTOSCommonHooks.o
 .debug_macro   0x00000ad6      0x12d ./freertos/src/FreeRTOSCommonHooks.o
 .debug_macro   0x00000c03       0x16 ./freertos/src/FreeRTOSCommonHooks.o
 .debug_macro   0x00000c19       0x46 ./freertos/src/FreeRTOSCommonHooks.o
 .debug_macro   0x00000c5f      0x5b2 ./freertos/src/FreeRTOSCommonHooks.o
 .debug_macro   0x00001211       0x22 ./freertos/src/FreeRTOSCommonHooks.o
 .debug_macro   0x00001233       0x74 ./freertos/src/FreeRTOSCommonHooks.o
 .debug_macro   0x000012a7       0x10 ./freertos/src/FreeRTOSCommonHooks.o
 .debug_macro   0x000012b7       0x2d ./freertos/src/FreeRTOSCommonHooks.o
 .debug_macro   0x000012e4       0x3a ./freertos/src/FreeRTOSCommonHooks.o
 .debug_macro   0x0000131e       0x2d ./freertos/src/FreeRTOSCommonHooks.o
 .debug_macro   0x0000134b      0xbb1 ./freertos/src/FreeRTOSCommonHooks.o
 .debug_macro   0x00001efc      0x22c ./freertos/src/FreeRTOSCommonHooks.o
 .debug_macro   0x00002128       0x42 ./freertos/src/FreeRTOSCommonHooks.o
 .debug_macro   0x0000216a       0x52 ./freertos/src/FreeRTOSCommonHooks.o
 .debug_macro   0x000021bc       0x78 ./freertos/src/FreeRTOSCommonHooks.o
 .debug_macro   0x00002234       0x82 ./freertos/src/FreeRTOSCommonHooks.o
 .debug_macro   0x000022b6      0x48c ./freertos/src/FreeRTOSCommonHooks.o
 .debug_macro   0x00002742       0x34 ./freertos/src/FreeRTOSCommonHooks.o
 .debug_macro   0x00002776      0x4c5 ./freertos/src/FreeRTOSCommonHooks.o
 .debug_macro   0x00002c3b      0x1b7 ./freertos/src/FreeRTOSCommonHooks.o
 .debug_macro   0x00002df2       0x10 ./freertos/src/FreeRTOSCommonHooks.o
 .debug_macro   0x00002e02      0x21b ./freertos/src/FreeRTOSCommonHooks.o
 .debug_macro   0x0000301d      0x1b9 ./freertos/src/FreeRTOSCommonHooks.o
 .debug_macro   0x000031d6       0x40 ./freertos/src/FreeRTOSCommonHooks.o
 .debug_macro   0x00003216       0x22 ./freertos/src/FreeRTOSCommonHooks.o
 .debug_macro   0x00003238      0x162 ./freertos/src/FreeRTOSCommonHooks.o
 .debug_macro   0x0000339a       0x94 ./freertos/src/FreeRTOSCommonHooks.o
 .debug_macro   0x0000342e       0xb8 ./freertos/src/FreeRTOSCommonHooks.o
 .debug_macro   0x000034e6       0x4c ./freertos/src/FreeRTOSCommonHooks.o
 .debug_macro   0x00003532       0x16 ./freertos/src/FreeRTOSCommonHooks.o
 .debug_macro   0x00003548      0x328 ./freertos/src/FreeRTOSCommonHooks.o
 .debug_macro   0x00003870       0x49 ./freertos/src/FreeRTOSCommonHooks.o
 .debug_macro   0x000038b9       0x16 ./freertos/src/FreeRTOSCommonHooks.o
 .debug_macro   0x000038cf       0xca ./freertos/src/FreeRTOSCommonHooks.o
 .debug_macro   0x00003999       0x11 ./freertos/src/FreeRTOSCommonHooks.o
 .debug_macro   0x000039aa       0xed ./freertos/src/FreeRTOSCommonHooks.o
 .debug_macro   0x00003a97       0xab ./freertos/src/FreeRTOSCommonHooks.o
 .debug_macro   0x00003b42       0x12 ./freertos/src/FreeRTOSCommonHooks.o
 .debug_macro   0x00003b54       0x1f ./freertos/src/FreeRTOSCommonHooks.o
 .debug_macro   0x00003b73      0x257 ./freertos/src/FreeRTOSCommonHooks.o
 .debug_macro   0x00003dca       0x64 ./freertos/src/FreeRTOSCommonHooks.o
 .debug_macro   0x00003e2e       0x57 ./freertos/src/FreeRTOSCommonHooks.o
 .debug_macro   0x00003e85      0x268 ./freertos/src/heap_3.o
 .debug_macro   0x000040ed       0x28 ./freertos/src/heap_3.o
 .debug_macro   0x00004115      0x24d ./freertos/src/list.o
 .debug_macro   0x00004362      0x2df ./freertos/src/port.o
 .debug_macro   0x00004641      0x2b0 ./freertos/src/queue.o
 .debug_macro   0x000048f1       0xb0 ./freertos/src/queue.o
 .debug_macro   0x000049a1      0x2ec ./freertos/src/tasks.o
 .debug_macro   0x00004c8d       0x5b ./freertos/src/tasks.o
 .debug_macro   0x00004ce8       0x16 ./freertos/src/tasks.o
 .debug_macro   0x00004cfe      0x27c ./example/src/Inic_placa1.o
 .debug_macro   0x00004f7a       0x7b ./example/src/Inic_placa1.o
 .debug_macro   0x00004ff5       0x18 ./example/src/Inic_placa1.o
 .debug_macro   0x0000500d       0x10 ./example/src/Inic_placa1.o
 .debug_macro   0x0000501d       0xf3 ./example/src/Inic_placa1.o
 .debug_macro   0x00005110       0x77 ./example/src/Inic_placa1.o
 .debug_macro   0x00005187       0xe8 ./example/src/Inic_placa1.o
 .debug_macro   0x0000526f       0x28 ./example/src/Inic_placa1.o
 .debug_macro   0x00005297       0x1d ./example/src/cr_startup_lpc175x_6x.o
 .debug_macro   0x000052b4      0x107 ./example/src/hid_desc.o
 .debug_macro   0x000053bb      0x26c ./example/src/hid_desc.o
 .debug_macro   0x00005627       0x46 ./example/src/hid_desc.o
 .debug_macro   0x0000566d       0x12 ./example/src/hid_desc.o
 .debug_macro   0x0000567f       0xfa ./example/src/hid_desc.o
 .debug_macro   0x00005779       0xee ./example/src/hid_desc.o
 .debug_macro   0x00005867      0x693 ./example/src/hid_desc.o
 .debug_macro   0x00005efa      0x272 ./example/src/hid_desc.o
 .debug_macro   0x0000616c       0x10 ./example/src/hid_desc.o
 .debug_macro   0x0000617c      0x36c ./example/src/hid_generic.o
 .debug_macro   0x000064e8       0x70 ./example/src/hid_generic.o
 .debug_macro   0x00006558       0x9a ./example/src/hid_generic.o
 .debug_macro   0x000065f2       0x20 ./example/src/hid_generic.o
 .debug_macro   0x00006612       0x28 ./example/src/hid_generic.o
 .debug_macro   0x0000663a       0x46 ./example/src/hid_generic.o
 .debug_macro   0x00006680      0x378 ./example/src/init_usb.o
 .debug_macro   0x000069f8       0x76 ./example/src/init_usb.o
 .debug_macro   0x00006a6e      0x27c ./example/src/main.o
 .debug_macro   0x00006cea      0x217 ./example/src/sysinit.o
 .debug_macro   0x00006f01      0x289 /home/juan/LPCXpresso/workspace/lpc_board_nxp_lpcxpresso_1769/Debug/liblpc_board_nxp_lpcxpresso_1769.a(board.o)
 .debug_macro   0x0000718a       0x12 /home/juan/LPCXpresso/workspace/lpc_board_nxp_lpcxpresso_1769/Debug/liblpc_board_nxp_lpcxpresso_1769.a(board.o)
 .debug_macro   0x0000719c      0x217 /home/juan/LPCXpresso/workspace/lpc_board_nxp_lpcxpresso_1769/Debug/liblpc_board_nxp_lpcxpresso_1769.a(board_sysinit.o)
 .debug_macro   0x000073b3      0x1cd /home/juan/LPCXpresso/workspace/lpc_chip_175x_6x/Debug/liblpc_chip_175x_6x.a(chip_17xx_40xx.o)
 .debug_macro   0x00007580      0x1cd /home/juan/LPCXpresso/workspace/lpc_chip_175x_6x/Debug/liblpc_chip_175x_6x.a(clock_17xx_40xx.o)
 .debug_macro   0x0000774d      0x1cd /home/juan/LPCXpresso/workspace/lpc_chip_175x_6x/Debug/liblpc_chip_175x_6x.a(iocon_17xx_40xx.o)
 .debug_macro   0x0000791a       0x83 /home/juan/LPCXpresso/workspace/lpc_chip_175x_6x/Debug/liblpc_chip_175x_6x.a(ring_buffer.o)
 .debug_macro   0x0000799d       0x10 /home/juan/LPCXpresso/workspace/lpc_chip_175x_6x/Debug/liblpc_chip_175x_6x.a(ring_buffer.o)
 .debug_macro   0x000079ad      0x1cd /home/juan/LPCXpresso/workspace/lpc_chip_175x_6x/Debug/liblpc_chip_175x_6x.a(sysinit_17xx_40xx.o)
 .debug_macro   0x00007b7a      0x1cd /home/juan/LPCXpresso/workspace/lpc_chip_175x_6x/Debug/liblpc_chip_175x_6x.a(timer_17xx_40xx.o)
 .debug_macro   0x00007d47      0x1cd /home/juan/LPCXpresso/workspace/lpc_chip_175x_6x/Debug/liblpc_chip_175x_6x.a(uart_17xx_40xx.o)

.debug_line     0x00000000     0x8d35
 .debug_line    0x00000000      0x569 ./freertos/src/FreeRTOSCommonHooks.o
 .debug_line    0x00000569      0x50e ./freertos/src/heap_3.o
 .debug_line    0x00000a77      0x55a ./freertos/src/list.o
 .debug_line    0x00000fd1      0x631 ./freertos/src/port.o
 .debug_line    0x00001602      0x86c ./freertos/src/queue.o
 .debug_line    0x00001e6e      0xbeb ./freertos/src/tasks.o
 .debug_line    0x00002a59      0x61e ./example/src/Inic_placa1.o
 .debug_line    0x00003077       0xdd ./example/src/cr_startup_lpc175x_6x.o
 .debug_line    0x00003154      0x296 ./example/src/hid_desc.o
 .debug_line    0x000033ea      0x737 ./example/src/hid_generic.o
 .debug_line    0x00003b21      0x71d ./example/src/init_usb.o
 .debug_line    0x0000423e      0x8df ./example/src/main.o
 .debug_line    0x00004b1d      0x475 ./example/src/sysinit.o
 .debug_line    0x00004f92      0x820 /home/juan/LPCXpresso/workspace/lpc_board_nxp_lpcxpresso_1769/Debug/liblpc_board_nxp_lpcxpresso_1769.a(board.o)
 .debug_line    0x000057b2      0x4ad /home/juan/LPCXpresso/workspace/lpc_board_nxp_lpcxpresso_1769/Debug/liblpc_board_nxp_lpcxpresso_1769.a(board_sysinit.o)
 .debug_line    0x00005c5f      0x449 /home/juan/LPCXpresso/workspace/lpc_chip_175x_6x/Debug/liblpc_chip_175x_6x.a(chip_17xx_40xx.o)
 .debug_line    0x000060a8      0x6c0 /home/juan/LPCXpresso/workspace/lpc_chip_175x_6x/Debug/liblpc_chip_175x_6x.a(clock_17xx_40xx.o)
 .debug_line    0x00006768      0x435 /home/juan/LPCXpresso/workspace/lpc_chip_175x_6x/Debug/liblpc_chip_175x_6x.a(iocon_17xx_40xx.o)
 .debug_line    0x00006b9d      0x248 /home/juan/LPCXpresso/workspace/lpc_chip_175x_6x/Debug/liblpc_chip_175x_6x.a(ring_buffer.o)
 .debug_line    0x00006de5      0x4bf /home/juan/LPCXpresso/workspace/lpc_chip_175x_6x/Debug/liblpc_chip_175x_6x.a(sysinit_17xx_40xx.o)
 .debug_line    0x000072a4      0x45a /home/juan/LPCXpresso/workspace/lpc_chip_175x_6x/Debug/liblpc_chip_175x_6x.a(timer_17xx_40xx.o)
 .debug_line    0x000076fe      0x76e /home/juan/LPCXpresso/workspace/lpc_chip_175x_6x/Debug/liblpc_chip_175x_6x.a(uart_17xx_40xx.o)
 .debug_line    0x00007e6c      0x198 /home/juan/LPCXpresso/workspace/lpc_chip_175x_6x/libs/libusbd_175x_6x_lib.a(mw_usbd_rom_api.o)
 .debug_line    0x00008004      0x54e /home/juan/LPCXpresso/workspace/lpc_chip_175x_6x/libs/libusbd_175x_6x_lib.a(hw_usbd_ip3503.o)
 .debug_line    0x00008552      0x4ca /home/juan/LPCXpresso/workspace/lpc_chip_175x_6x/libs/libusbd_175x_6x_lib.a(mw_usbd_core.o)
 .debug_line    0x00008a1c      0x319 /home/juan/LPCXpresso/workspace/lpc_chip_175x_6x/libs/libusbd_175x_6x_lib.a(mw_usbd_hiduser.o)

.debug_str      0x00000000    0x1ecaa
 .debug_str     0x00000000    0x12614 ./freertos/src/FreeRTOSCommonHooks.o
                              0x126f7 (size before relaxing)
 .debug_str     0x00012614      0x103 ./freertos/src/heap_3.o
                              0x126f9 (size before relaxing)
 .debug_str     0x00012717      0x12e ./freertos/src/list.o
                              0x1243e (size before relaxing)
 .debug_str     0x00012845      0x906 ./freertos/src/port.o
                              0x12f45 (size before relaxing)
 .debug_str     0x0001314b     0x1106 ./freertos/src/queue.o
                              0x13a46 (size before relaxing)
 .debug_str     0x00014251     0x14c8 ./freertos/src/tasks.o
                              0x13f00 (size before relaxing)
 .debug_str     0x00015719     0x1248 ./example/src/Inic_placa1.o
                              0x1446d (size before relaxing)
 .debug_str     0x00016961      0x19f ./example/src/cr_startup_lpc175x_6x.o
                               0x2635 (size before relaxing)
 .debug_str     0x00016b00     0x3d81 ./example/src/hid_desc.o
                               0x7bd4 (size before relaxing)
 .debug_str     0x0001a881     0x1865 ./example/src/hid_generic.o
                              0x19549 (size before relaxing)
 .debug_str     0x0001c0e6       0xc4 ./example/src/init_usb.o
                              0x194bd (size before relaxing)
 .debug_str     0x0001c1aa      0x279 ./example/src/main.o
                              0x1441a (size before relaxing)
 .debug_str     0x0001c423       0x23 ./example/src/sysinit.o
                              0x109e8 (size before relaxing)
 .debug_str     0x0001c446      0xb97 /home/juan/LPCXpresso/workspace/lpc_board_nxp_lpcxpresso_1769/Debug/liblpc_board_nxp_lpcxpresso_1769.a(board.o)
                              0x118c2 (size before relaxing)
 .debug_str     0x0001cfdd      0x22d /home/juan/LPCXpresso/workspace/lpc_board_nxp_lpcxpresso_1769/Debug/liblpc_board_nxp_lpcxpresso_1769.a(board_sysinit.o)
                              0x10dfc (size before relaxing)
 .debug_str     0x0001d20a       0xaa /home/juan/LPCXpresso/workspace/lpc_chip_175x_6x/Debug/liblpc_chip_175x_6x.a(chip_17xx_40xx.o)
                              0x10af3 (size before relaxing)
 .debug_str     0x0001d2b4      0x5ce /home/juan/LPCXpresso/workspace/lpc_chip_175x_6x/Debug/liblpc_chip_175x_6x.a(clock_17xx_40xx.o)
                              0x11161 (size before relaxing)
 .debug_str     0x0001d882       0x79 /home/juan/LPCXpresso/workspace/lpc_chip_175x_6x/Debug/liblpc_chip_175x_6x.a(iocon_17xx_40xx.o)
                              0x105de (size before relaxing)
 .debug_str     0x0001d8fb      0x138 /home/juan/LPCXpresso/workspace/lpc_chip_175x_6x/Debug/liblpc_chip_175x_6x.a(ring_buffer.o)
                               0x3fd1 (size before relaxing)
 .debug_str     0x0001da33       0xc4 /home/juan/LPCXpresso/workspace/lpc_chip_175x_6x/Debug/liblpc_chip_175x_6x.a(sysinit_17xx_40xx.o)
                              0x107c6 (size before relaxing)
 .debug_str     0x0001daf7      0x12c /home/juan/LPCXpresso/workspace/lpc_chip_175x_6x/Debug/liblpc_chip_175x_6x.a(timer_17xx_40xx.o)
                              0x1090f (size before relaxing)
 .debug_str     0x0001dc23      0x342 /home/juan/LPCXpresso/workspace/lpc_chip_175x_6x/Debug/liblpc_chip_175x_6x.a(uart_17xx_40xx.o)
                              0x11036 (size before relaxing)
 .debug_str     0x0001df65      0x6ee /home/juan/LPCXpresso/workspace/lpc_chip_175x_6x/libs/libusbd_175x_6x_lib.a(mw_usbd_rom_api.o)
                               0x18af (size before relaxing)
 .debug_str     0x0001e653      0x35c /home/juan/LPCXpresso/workspace/lpc_chip_175x_6x/libs/libusbd_175x_6x_lib.a(hw_usbd_ip3503.o)
                               0x1ab2 (size before relaxing)
 .debug_str     0x0001e9af      0x1cb /home/juan/LPCXpresso/workspace/lpc_chip_175x_6x/libs/libusbd_175x_6x_lib.a(mw_usbd_core.o)
                               0x19a7 (size before relaxing)
 .debug_str     0x0001eb7a      0x130 /home/juan/LPCXpresso/workspace/lpc_chip_175x_6x/libs/libusbd_175x_6x_lib.a(mw_usbd_hiduser.o)
                               0x1975 (size before relaxing)

.comment        0x00000000      0x150
 .comment       0x00000000       0x70 ./freertos/src/FreeRTOSCommonHooks.o
                                 0x71 (size before relaxing)
 .comment       0x00000000       0x71 ./freertos/src/heap_3.o
 .comment       0x00000000       0x71 ./freertos/src/list.o
 .comment       0x00000000       0x71 ./freertos/src/port.o
 .comment       0x00000000       0x71 ./freertos/src/queue.o
 .comment       0x00000000       0x71 ./freertos/src/tasks.o
 .comment       0x00000000       0x71 ./example/src/Inic_placa1.o
 .comment       0x00000000       0x71 ./example/src/cr_startup_lpc175x_6x.o
 .comment       0x00000000       0x71 ./example/src/hid_desc.o
 .comment       0x00000000       0x71 ./example/src/hid_generic.o
 .comment       0x00000000       0x71 ./example/src/init_usb.o
 .comment       0x00000000       0x71 ./example/src/main.o
 .comment       0x00000000       0x71 ./example/src/sysinit.o
 .comment       0x00000000       0x71 /home/juan/LPCXpresso/workspace/lpc_board_nxp_lpcxpresso_1769/Debug/liblpc_board_nxp_lpcxpresso_1769.a(board.o)
 .comment       0x00000000       0x71 /home/juan/LPCXpresso/workspace/lpc_board_nxp_lpcxpresso_1769/Debug/liblpc_board_nxp_lpcxpresso_1769.a(board_sysinit.o)
 .comment       0x00000000       0x71 /home/juan/LPCXpresso/workspace/lpc_chip_175x_6x/Debug/liblpc_chip_175x_6x.a(chip_17xx_40xx.o)
 .comment       0x00000000       0x71 /home/juan/LPCXpresso/workspace/lpc_chip_175x_6x/Debug/liblpc_chip_175x_6x.a(clock_17xx_40xx.o)
 .comment       0x00000000       0x71 /home/juan/LPCXpresso/workspace/lpc_chip_175x_6x/Debug/liblpc_chip_175x_6x.a(iocon_17xx_40xx.o)
 .comment       0x00000000       0x71 /home/juan/LPCXpresso/workspace/lpc_chip_175x_6x/Debug/liblpc_chip_175x_6x.a(ring_buffer.o)
 .comment       0x00000000       0x71 /home/juan/LPCXpresso/workspace/lpc_chip_175x_6x/Debug/liblpc_chip_175x_6x.a(sysinit_17xx_40xx.o)
 .comment       0x00000000       0x71 /home/juan/LPCXpresso/workspace/lpc_chip_175x_6x/Debug/liblpc_chip_175x_6x.a(timer_17xx_40xx.o)
 .comment       0x00000000       0x71 /home/juan/LPCXpresso/workspace/lpc_chip_175x_6x/Debug/liblpc_chip_175x_6x.a(uart_17xx_40xx.o)
 .comment       0x00000070       0x70 /home/juan/LPCXpresso/workspace/lpc_chip_175x_6x/libs/libusbd_175x_6x_lib.a(mw_usbd_rom_api.o)
                                 0x71 (size before relaxing)
 .comment       0x00000000       0x71 /home/juan/LPCXpresso/workspace/lpc_chip_175x_6x/libs/libusbd_175x_6x_lib.a(hw_usbd_ip3503.o)
 .comment       0x00000000       0x71 /home/juan/LPCXpresso/workspace/lpc_chip_175x_6x/libs/libusbd_175x_6x_lib.a(mw_usbd_core.o)
 .comment       0x00000000       0x71 /home/juan/LPCXpresso/workspace/lpc_chip_175x_6x/libs/libusbd_175x_6x_lib.a(mw_usbd_hiduser.o)
 .comment       0x000000e0       0x70 /usr/local/lpcxpresso_8.0.0_526/lpcxpresso/tools/bin/../lib/gcc/arm-none-eabi/4.9.3/../../../../arm-none-eabi/lib/armv7-m/libcr_nohost.a(_cr__main.o)
                                 0x71 (size before relaxing)
 .comment       0x00000000       0x71 /usr/local/lpcxpresso_8.0.0_526/lpcxpresso/tools/bin/../lib/gcc/arm-none-eabi/4.9.3/../../../../arm-none-eabi/lib/armv7-m/libcr_c.a(memcpy.o)